11:13:20 **** Incremental Build of configuration Debug for project discovery-lab1 ****
make -j8 all 
arm-none-eabi-size   discovery-lab1.elf 
   text	   data	    bss	    dec	    hex	filename
   9088	     20	   1652	  10760	   2a08	discovery-lab1.elf
Finished building: default.size.stdout
 
11:13:30 **** Incremental Build of configuration Debug for project discovery-lab1 ****
make -j8 all 
arm-none-eabi-size   discovery-lab1.elf 
   text	   data	    bss	    dec	    hex	filename
   9088	     20	   1652	  10760	   2a08	discovery-lab1.elf
Finished building: default.size.stdout
 
11:18:11 **** Incremental Build of configuration Debug for project discovery-lab1 ****
make -j8 all 
arm-none-eabi-size   discovery-lab1.elf 
   text	   data	    bss	    dec	    hex	filename
   9088	     20	   1652	  10760	   2a08	discovery-lab1.elf
Finished building: default.size.stdout
 
13:15:48 **** Incremental Build of configuration Debug for project nucleo-lab2 ****
make -j8 all 
arm-none-eabi-gcc "../Core/Src/main.c" -mcpu=cortex-m3 -std=gnu11 -g3 -DDEBUG -DUSE_HAL_DRIVER -DSTM32L152xE -c -I../Core/Inc -I../Drivers/STM32L1xx_HAL_Driver/Inc -I../Drivers/STM32L1xx_HAL_Driver/Inc/Legacy -I../Drivers/CMSIS/Device/ST/STM32L1xx/Include -I../Drivers/CMSIS/Include -O0 -ffunction-sections -fdata-sections -Wall -fstack-usage -MMD -MP -MF"Core/Src/main.d" -MT"Core/Src/main.o" --specs=nano.specs -mfloat-abi=soft -mthumb -o "Core/Src/main.o"
arm-none-eabi-gcc "../Core/Src/robot.c" -mcpu=cortex-m3 -std=gnu11 -g3 -DDEBUG -DUSE_HAL_DRIVER -DSTM32L152xE -c -I../Core/Inc -I../Drivers/STM32L1xx_HAL_Driver/Inc -I../Drivers/STM32L1xx_HAL_Driver/Inc/Legacy -I../Drivers/CMSIS/Device/ST/STM32L1xx/Include -I../Drivers/CMSIS/Include -O0 -ffunction-sections -fdata-sections -Wall -fstack-usage -MMD -MP -MF"Core/Src/robot.d" -MT"Core/Src/robot.o" --specs=nano.specs -mfloat-abi=soft -mthumb -o "Core/Src/robot.o"
arm-none-eabi-gcc "../Core/Src/stm32l1xx_hal_msp.c" -mcpu=cortex-m3 -std=gnu11 -g3 -DDEBUG -DUSE_HAL_DRIVER -DSTM32L152xE -c -I../Core/Inc -I../Drivers/STM32L1xx_HAL_Driver/Inc -I../Drivers/STM32L1xx_HAL_Driver/Inc/Legacy -I../Drivers/CMSIS/Device/ST/STM32L1xx/Include -I../Drivers/CMSIS/Include -O0 -ffunction-sections -fdata-sections -Wall -fstack-usage -MMD -MP -MF"Core/Src/stm32l1xx_hal_msp.d" -MT"Core/Src/stm32l1xx_hal_msp.o" --specs=nano.specs -mfloat-abi=soft -mthumb -o "Core/Src/stm32l1xx_hal_msp.o"
arm-none-eabi-gcc "../Core/Src/stm32l1xx_it.c" -mcpu=cortex-m3 -std=gnu11 -g3 -DDEBUG -DUSE_HAL_DRIVER -DSTM32L152xE -c -I../Core/Inc -I../Drivers/STM32L1xx_HAL_Driver/Inc -I../Drivers/STM32L1xx_HAL_Driver/Inc/Legacy -I../Drivers/CMSIS/Device/ST/STM32L1xx/Include -I../Drivers/CMSIS/Include -O0 -ffunction-sections -fdata-sections -Wall -fstack-usage -MMD -MP -MF"Core/Src/stm32l1xx_it.d" -MT"Core/Src/stm32l1xx_it.o" --specs=nano.specs -mfloat-abi=soft -mthumb -o "Core/Src/stm32l1xx_it.o"
../Core/Src/robot.c: In function 'createRobot':
../Core/Src/robot.c:25:13: warning: passing argument 1 of 'initRobot' from incompatible pointer type [-Wincompatible-pointer-types]
   25 |   initRobot(&g_robot, &s_motor_right, &s_motor_left);
      |             ^~~~~~~~
      |             |
      |             struct Robot *
In file included from ../Core/Src/robot.c:1:
../Core/Inc/robot.h:32:30: note: expected 'struct Motor *' but argument is of type 'struct Robot *'
   32 | void initRobot(struct Motor *motor_right, struct Motor *motor_left);
      |                ~~~~~~~~~~~~~~^~~~~~~~~~~
../Core/Src/robot.c:25:3: error: too many arguments to function 'initRobot'
   25 |   initRobot(&g_robot, &s_motor_right, &s_motor_left);
      |   ^~~~~~~~~
In file included from ../Core/Src/robot.c:1:
../Core/Inc/robot.h:32:6: note: declared here
   32 | void initRobot(struct Motor *motor_right, struct Motor *motor_left);
      |      ^~~~~~~~~
../Core/Src/robot.c: In function 'initRobot':
../Core/Src/robot.c:57:10: error: invalid type argument of '->' (have 'struct Robot')
   57 |   g_robot->motor_right = *motor_right;
      |          ^~
../Core/Src/robot.c:58:10: error: invalid type argument of '->' (have 'struct Robot')
   58 |   g_robot->motor_left = *motor_left;
      |          ^~
../Core/Src/robot.c: In function 'updateStatusRobot':
../Core/Src/robot.c:67:10: error: invalid type argument of '->' (have 'struct Robot')
   67 |   g_robot->status = status;
      |          ^~
../Core/Src/robot.c: In function 'updateRobot':
../Core/Src/robot.c:78:18: error: invalid type argument of '->' (have 'struct Robot')
   78 |   switch (g_robot->status) {
      |                  ^~
../Core/Src/robot.c:106:30: error: invalid type argument of '->' (have 'struct Robot')
  106 |   updateStatusMotor(&(g_robot->motor_right), status_motor_right);
      |                              ^~
../Core/Src/robot.c:107:30: error: invalid type argument of '->' (have 'struct Robot')
  107 |   updateStatusMotor(&(g_robot->motor_left), status_motor_left);
      |                              ^~
make: *** [Core/Src/subdir.mk:40: Core/Src/robot.o] Error 1
make: *** Waiting for unfinished jobs....
"make -j8 all" terminated with exit code 2. Build might be incomplete.
13:16:16 **** Incremental Build of configuration Debug for project nucleo-lab2 ****
make -j8 all 
arm-none-eabi-gcc "../Core/Src/robot.c" -mcpu=cortex-m3 -std=gnu11 -g3 -DDEBUG -DUSE_HAL_DRIVER -DSTM32L152xE -c -I../Core/Inc -I../Drivers/STM32L1xx_HAL_Driver/Inc -I../Drivers/STM32L1xx_HAL_Driver/Inc/Legacy -I../Drivers/CMSIS/Device/ST/STM32L1xx/Include -I../Drivers/CMSIS/Include -O0 -ffunction-sections -fdata-sections -Wall -fstack-usage -MMD -MP -MF"Core/Src/robot.d" -MT"Core/Src/robot.o" --specs=nano.specs -mfloat-abi=soft -mthumb -o "Core/Src/robot.o"
../Core/Src/robot.c: In function 'createRobot':
../Core/Src/robot.c:25:13: warning: passing argument 1 of 'initRobot' from incompatible pointer type [-Wincompatible-pointer-types]
   25 |   initRobot(&g_robot, &s_motor_right, &s_motor_left);
      |             ^~~~~~~~
      |             |
      |             struct Robot *
In file included from ../Core/Src/robot.c:1:
../Core/Inc/robot.h:32:30: note: expected 'struct Motor *' but argument is of type 'struct Robot *'
   32 | void initRobot(struct Motor *motor_right, struct Motor *motor_left);
      |                ~~~~~~~~~~~~~~^~~~~~~~~~~
../Core/Src/robot.c:25:3: error: too many arguments to function 'initRobot'
   25 |   initRobot(&g_robot, &s_motor_right, &s_motor_left);
      |   ^~~~~~~~~
In file included from ../Core/Src/robot.c:1:
../Core/Inc/robot.h:32:6: note: declared here
   32 | void initRobot(struct Motor *motor_right, struct Motor *motor_left);
      |      ^~~~~~~~~
make: *** [Core/Src/subdir.mk:40: Core/Src/robot.o] Error 1
"make -j8 all" terminated with exit code 2. Build might be incomplete.
13:16:41 **** Incremental Build of configuration Debug for project nucleo-lab2 ****
make -j8 all 
arm-none-eabi-gcc "../Core/Src/robot.c" -mcpu=cortex-m3 -std=gnu11 -g3 -DDEBUG -DUSE_HAL_DRIVER -DSTM32L152xE -c -I../Core/Inc -I../Drivers/STM32L1xx_HAL_Driver/Inc -I../Drivers/STM32L1xx_HAL_Driver/Inc/Legacy -I../Drivers/CMSIS/Device/ST/STM32L1xx/Include -I../Drivers/CMSIS/Include -O0 -ffunction-sections -fdata-sections -Wall -fstack-usage -MMD -MP -MF"Core/Src/robot.d" -MT"Core/Src/robot.o" --specs=nano.specs -mfloat-abi=soft -mthumb -o "Core/Src/robot.o"
arm-none-eabi-gcc -o "nucleo-lab2.elf" @"objects.list"   -mcpu=cortex-m3 -T"/home/me/MEGA/Uni/3YEAR/Q2/05 Microprocessor/Labs/stm32-kart/nucleo-lab2/STM32L152RETX_FLASH.ld" --specs=nosys.specs -Wl,-Map="nucleo-lab2.map" -Wl,--gc-sections -static --specs=nano.specs -mfloat-abi=soft -mthumb -Wl,--start-group -lc -lm -Wl,--end-group
/opt/stm32cubeide/plugins/com.st.stm32cube.ide.mcu.externaltools.gnu-tools-for-stm32.10.3-2021.10.linux64_1.0.100.202210260954/tools/bin/../lib/gcc/arm-none-eabi/10.3.1/../../../../arm-none-eabi/bin/ld: ./Core/Src/robot.o: in function `initRobot':
/home/me/MEGA/Uni/3YEAR/Q2/05 Microprocessor/Labs/stm32-kart/nucleo-lab2/Debug/../Core/Src/robot.c:61: undefined reference to `g_robot'
/opt/stm32cubeide/plugins/com.st.stm32cube.ide.mcu.externaltools.gnu-tools-for-stm32.10.3-2021.10.linux64_1.0.100.202210260954/tools/bin/../lib/gcc/arm-none-eabi/10.3.1/../../../../arm-none-eabi/bin/ld: ./Core/Src/robot.o: in function `updateStatusRobot':
/home/me/MEGA/Uni/3YEAR/Q2/05 Microprocessor/Labs/stm32-kart/nucleo-lab2/Debug/../Core/Src/robot.c:69: undefined reference to `g_robot'
/opt/stm32cubeide/plugins/com.st.stm32cube.ide.mcu.externaltools.gnu-tools-for-stm32.10.3-2021.10.linux64_1.0.100.202210260954/tools/bin/../lib/gcc/arm-none-eabi/10.3.1/../../../../arm-none-eabi/bin/ld: ./Core/Src/robot.o: in function `updateRobot':
/home/me/MEGA/Uni/3YEAR/Q2/05 Microprocessor/Labs/stm32-kart/nucleo-lab2/Debug/../Core/Src/robot.c:108: undefined reference to `g_robot'
/opt/stm32cubeide/plugins/com.st.stm32cube.ide.mcu.externaltools.gnu-tools-for-stm32.10.3-2021.10.linux64_1.0.100.202210260954/tools/bin/../lib/gcc/arm-none-eabi/10.3.1/../../../../arm-none-eabi/bin/ld: /home/me/MEGA/Uni/3YEAR/Q2/05 Microprocessor/Labs/stm32-kart/nucleo-lab2/Debug/../Core/Src/robot.c:108: undefined reference to `g_robot'
/opt/stm32cubeide/plugins/com.st.stm32cube.ide.mcu.externaltools.gnu-tools-for-stm32.10.3-2021.10.linux64_1.0.100.202210260954/tools/bin/../lib/gcc/arm-none-eabi/10.3.1/../../../../arm-none-eabi/bin/ld: /home/me/MEGA/Uni/3YEAR/Q2/05 Microprocessor/Labs/stm32-kart/nucleo-lab2/Debug/../Core/Src/robot.c:108: undefined reference to `g_robot'
collect2: error: ld returned 1 exit status
make: *** [makefile:64: nucleo-lab2.elf] Error 1
"make -j8 all" terminated with exit code 2. Build might be incomplete.
13:18:26 **** Incremental Build of configuration Debug for project nucleo-lab2 ****
make -j8 all 
arm-none-eabi-gcc "../Core/Src/main.c" -mcpu=cortex-m3 -std=gnu11 -g3 -DDEBUG -DUSE_HAL_DRIVER -DSTM32L152xE -c -I../Core/Inc -I../Drivers/STM32L1xx_HAL_Driver/Inc -I../Drivers/STM32L1xx_HAL_Driver/Inc/Legacy -I../Drivers/CMSIS/Device/ST/STM32L1xx/Include -I../Drivers/CMSIS/Include -O0 -ffunction-sections -fdata-sections -Wall -fstack-usage -MMD -MP -MF"Core/Src/main.d" -MT"Core/Src/main.o" --specs=nano.specs -mfloat-abi=soft -mthumb -o "Core/Src/main.o"
arm-none-eabi-gcc "../Core/Src/robot.c" -mcpu=cortex-m3 -std=gnu11 -g3 -DDEBUG -DUSE_HAL_DRIVER -DSTM32L152xE -c -I../Core/Inc -I../Drivers/STM32L1xx_HAL_Driver/Inc -I../Drivers/STM32L1xx_HAL_Driver/Inc/Legacy -I../Drivers/CMSIS/Device/ST/STM32L1xx/Include -I../Drivers/CMSIS/Include -O0 -ffunction-sections -fdata-sections -Wall -fstack-usage -MMD -MP -MF"Core/Src/robot.d" -MT"Core/Src/robot.o" --specs=nano.specs -mfloat-abi=soft -mthumb -o "Core/Src/robot.o"
arm-none-eabi-gcc "../Core/Src/stm32l1xx_hal_msp.c" -mcpu=cortex-m3 -std=gnu11 -g3 -DDEBUG -DUSE_HAL_DRIVER -DSTM32L152xE -c -I../Core/Inc -I../Drivers/STM32L1xx_HAL_Driver/Inc -I../Drivers/STM32L1xx_HAL_Driver/Inc/Legacy -I../Drivers/CMSIS/Device/ST/STM32L1xx/Include -I../Drivers/CMSIS/Include -O0 -ffunction-sections -fdata-sections -Wall -fstack-usage -MMD -MP -MF"Core/Src/stm32l1xx_hal_msp.d" -MT"Core/Src/stm32l1xx_hal_msp.o" --specs=nano.specs -mfloat-abi=soft -mthumb -o "Core/Src/stm32l1xx_hal_msp.o"
arm-none-eabi-gcc "../Core/Src/stm32l1xx_it.c" -mcpu=cortex-m3 -std=gnu11 -g3 -DDEBUG -DUSE_HAL_DRIVER -DSTM32L152xE -c -I../Core/Inc -I../Drivers/STM32L1xx_HAL_Driver/Inc -I../Drivers/STM32L1xx_HAL_Driver/Inc/Legacy -I../Drivers/CMSIS/Device/ST/STM32L1xx/Include -I../Drivers/CMSIS/Include -O0 -ffunction-sections -fdata-sections -Wall -fstack-usage -MMD -MP -MF"Core/Src/stm32l1xx_it.d" -MT"Core/Src/stm32l1xx_it.o" --specs=nano.specs -mfloat-abi=soft -mthumb -o "Core/Src/stm32l1xx_it.o"
arm-none-eabi-gcc -o "nucleo-lab2.elf" @"objects.list"   -mcpu=cortex-m3 -T"/home/me/MEGA/Uni/3YEAR/Q2/05 Microprocessor/Labs/stm32-kart/nucleo-lab2/STM32L152RETX_FLASH.ld" --specs=nosys.specs -Wl,-Map="nucleo-lab2.map" -Wl,--gc-sections -static --specs=nano.specs -mfloat-abi=soft -mthumb -Wl,--start-group -lc -lm -Wl,--end-group
Finished building target: nucleo-lab2.elf
 
arm-none-eabi-size   nucleo-lab2.elf 
arm-none-eabi-objdump -h -S  nucleo-lab2.elf  > "nucleo-lab2.list"
   text	   data	    bss	    dec	    hex	filename
   8172	     20	   1804	   9996	   270c	nucleo-lab2.elf
Finished building: default.size.stdout
 
Finished building: nucleo-lab2.list
 
13:20:13 **** Incremental Build of configuration Debug for project nucleo-lab2 ****
make -j8 all 
arm-none-eabi-size   nucleo-lab2.elf 
   text	   data	    bss	    dec	    hex	filename
   8172	     20	   1804	   9996	   270c	nucleo-lab2.elf
Finished building: default.size.stdout
 
13:20:50 **** Incremental Build of configuration Debug for project nucleo-lab2 ****
make -j8 all 
arm-none-eabi-size   nucleo-lab2.elf 
   text	   data	    bss	    dec	    hex	filename
   8172	     20	   1804	   9996	   270c	nucleo-lab2.elf
Finished building: default.size.stdout
 
13:23:56 **** Incremental Build of configuration Debug for project nucleo-lab2 ****
make -j8 all 
arm-none-eabi-gcc "../Core/Src/robot.c" -mcpu=cortex-m3 -std=gnu11 -g3 -DDEBUG -DUSE_HAL_DRIVER -DSTM32L152xE -c -I../Core/Inc -I../Drivers/STM32L1xx_HAL_Driver/Inc -I../Drivers/STM32L1xx_HAL_Driver/Inc/Legacy -I../Drivers/CMSIS/Device/ST/STM32L1xx/Include -I../Drivers/CMSIS/Include -O0 -ffunction-sections -fdata-sections -Wall -fstack-usage -MMD -MP -MF"Core/Src/robot.d" -MT"Core/Src/robot.o" --specs=nano.specs -mfloat-abi=soft -mthumb -o "Core/Src/robot.o"
arm-none-eabi-gcc -o "nucleo-lab2.elf" @"objects.list"   -mcpu=cortex-m3 -T"/home/me/MEGA/Uni/3YEAR/Q2/05 Microprocessor/Labs/stm32-kart/nucleo-lab2/STM32L152RETX_FLASH.ld" --specs=nosys.specs -Wl,-Map="nucleo-lab2.map" -Wl,--gc-sections -static --specs=nano.specs -mfloat-abi=soft -mthumb -Wl,--start-group -lc -lm -Wl,--end-group
Finished building target: nucleo-lab2.elf
 
arm-none-eabi-size   nucleo-lab2.elf 
arm-none-eabi-objdump -h -S  nucleo-lab2.elf  > "nucleo-lab2.list"
   text	   data	    bss	    dec	    hex	filename
   8172	     20	   1804	   9996	   270c	nucleo-lab2.elf
Finished building: default.size.stdout
 
Finished building: nucleo-lab2.list
 
13:39:01 **** Incremental Build of configuration Debug for project nucleo-lab2 ****
make -j8 all 
arm-none-eabi-gcc "../Core/Src/main.c" -mcpu=cortex-m3 -std=gnu11 -g3 -DDEBUG -DUSE_HAL_DRIVER -DSTM32L152xE -c -I../Core/Inc -I../Drivers/STM32L1xx_HAL_Driver/Inc -I../Drivers/STM32L1xx_HAL_Driver/Inc/Legacy -I../Drivers/CMSIS/Device/ST/STM32L1xx/Include -I../Drivers/CMSIS/Include -O0 -ffunction-sections -fdata-sections -Wall -fstack-usage -MMD -MP -MF"Core/Src/main.d" -MT"Core/Src/main.o" --specs=nano.specs -mfloat-abi=soft -mthumb -o "Core/Src/main.o"
arm-none-eabi-gcc -o "nucleo-lab2.elf" @"objects.list"   -mcpu=cortex-m3 -T"/home/me/MEGA/Uni/3YEAR/Q2/05 Microprocessor/Labs/stm32-kart/nucleo-lab2/STM32L152RETX_FLASH.ld" --specs=nosys.specs -Wl,-Map="nucleo-lab2.map" -Wl,--gc-sections -static --specs=nano.specs -mfloat-abi=soft -mthumb -Wl,--start-group -lc -lm -Wl,--end-group
Finished building target: nucleo-lab2.elf
 
arm-none-eabi-size   nucleo-lab2.elf 
arm-none-eabi-objdump -h -S  nucleo-lab2.elf  > "nucleo-lab2.list"
   text	   data	    bss	    dec	    hex	filename
   8248	     20	   1804	  10072	   2758	nucleo-lab2.elf
Finished building: default.size.stdout
 
Finished building: nucleo-lab2.list
 
13:39:59 **** Incremental Build of configuration Debug for project nucleo-lab2 ****
make -j8 all 
arm-none-eabi-gcc "../Core/Src/main.c" -mcpu=cortex-m3 -std=gnu11 -g3 -DDEBUG -DUSE_HAL_DRIVER -DSTM32L152xE -c -I../Core/Inc -I../Drivers/STM32L1xx_HAL_Driver/Inc -I../Drivers/STM32L1xx_HAL_Driver/Inc/Legacy -I../Drivers/CMSIS/Device/ST/STM32L1xx/Include -I../Drivers/CMSIS/Include -O0 -ffunction-sections -fdata-sections -Wall -fstack-usage -MMD -MP -MF"Core/Src/main.d" -MT"Core/Src/main.o" --specs=nano.specs -mfloat-abi=soft -mthumb -o "Core/Src/main.o"
arm-none-eabi-gcc -o "nucleo-lab2.elf" @"objects.list"   -mcpu=cortex-m3 -T"/home/me/MEGA/Uni/3YEAR/Q2/05 Microprocessor/Labs/stm32-kart/nucleo-lab2/STM32L152RETX_FLASH.ld" --specs=nosys.specs -Wl,-Map="nucleo-lab2.map" -Wl,--gc-sections -static --specs=nano.specs -mfloat-abi=soft -mthumb -Wl,--start-group -lc -lm -Wl,--end-group
Finished building target: nucleo-lab2.elf
 
arm-none-eabi-size   nucleo-lab2.elf 
arm-none-eabi-objdump -h -S  nucleo-lab2.elf  > "nucleo-lab2.list"
   text	   data	    bss	    dec	    hex	filename
   8196	     20	   1804	  10020	   2724	nucleo-lab2.elf
Finished building: default.size.stdout
 
Finished building: nucleo-lab2.list
 
13:41:39 **** Incremental Build of configuration Debug for project nucleo-lab2 ****
make -j8 all 
arm-none-eabi-size   nucleo-lab2.elf 
   text	   data	    bss	    dec	    hex	filename
   8196	     20	   1804	  10020	   2724	nucleo-lab2.elf
Finished building: default.size.stdout
 
20:58:05 **** Clean-only build of configuration Debug for project nucleo-lab2 ****
make -j8 clean 
rm -rf ./Drivers/STM32L1xx_HAL_Driver/Src/stm32l1xx_hal.d ./Drivers/STM32L1xx_HAL_Driver/Src/stm32l1xx_hal.o ./Drivers/STM32L1xx_HAL_Driver/Src/stm32l1xx_hal.su ./Drivers/STM32L1xx_HAL_Driver/Src/stm32l1xx_hal_cortex.d ./Drivers/STM32L1xx_HAL_Driver/Src/stm32l1xx_hal_cortex.o ./Drivers/STM32L1xx_HAL_Driver/Src/stm32l1xx_hal_cortex.su ./Drivers/STM32L1xx_HAL_Driver/Src/stm32l1xx_hal_dma.d ./Drivers/STM32L1xx_HAL_Driver/Src/stm32l1xx_hal_dma.o ./Drivers/STM32L1xx_HAL_Driver/Src/stm32l1xx_hal_dma.su ./Drivers/STM32L1xx_HAL_Driver/Src/stm32l1xx_hal_exti.d ./Drivers/STM32L1xx_HAL_Driver/Src/stm32l1xx_hal_exti.o ./Drivers/STM32L1xx_HAL_Driver/Src/stm32l1xx_hal_exti.su ./Drivers/STM32L1xx_HAL_Driver/Src/stm32l1xx_hal_flash.d ./Drivers/STM32L1xx_HAL_Driver/Src/stm32l1xx_hal_flash.o ./Drivers/STM32L1xx_HAL_Driver/Src/stm32l1xx_hal_flash.su ./Drivers/STM32L1xx_HAL_Driver/Src/stm32l1xx_hal_flash_ex.d ./Drivers/STM32L1xx_HAL_Driver/Src/stm32l1xx_hal_flash_ex.o ./Drivers/STM32L1xx_HAL_Driver/Src/stm32l1xx_hal_flash_ex.su ./Drivers/STM32L1xx_HAL_Driver/Src/stm32l1xx_hal_flash_ramfunc.d ./Drivers/STM32L1xx_HAL_Driver/Src/stm32l1xx_hal_flash_ramfunc.o ./Drivers/STM32L1xx_HAL_Driver/Src/stm32l1xx_hal_flash_ramfunc.su ./Drivers/STM32L1xx_HAL_Driver/Src/stm32l1xx_hal_gpio.d ./Drivers/STM32L1xx_HAL_Driver/Src/stm32l1xx_hal_gpio.o ./Drivers/STM32L1xx_HAL_Driver/Src/stm32l1xx_hal_gpio.su ./Drivers/STM32L1xx_HAL_Driver/Src/stm32l1xx_hal_pwr.d ./Drivers/STM32L1xx_HAL_Driver/Src/stm32l1xx_hal_pwr.o ./Drivers/STM32L1xx_HAL_Driver/Src/stm32l1xx_hal_pwr.su ./Drivers/STM32L1xx_HAL_Driver/Src/stm32l1xx_hal_pwr_ex.d ./Drivers/STM32L1xx_HAL_Driver/Src/stm32l1xx_hal_pwr_ex.o ./Drivers/STM32L1xx_HAL_Driver/Src/stm32l1xx_hal_pwr_ex.su ./Drivers/STM32L1xx_HAL_Driver/Src/stm32l1xx_hal_rcc.d ./Drivers/STM32L1xx_HAL_Driver/Src/stm32l1xx_hal_rcc.o ./Drivers/STM32L1xx_HAL_Driver/Src/stm32l1xx_hal_rcc.su ./Drivers/STM32L1xx_HAL_Driver/Src/stm32l1xx_hal_rcc_ex.d ./Drivers/STM32L1xx_HAL_Driver/Src/stm32l1xx_hal_rcc_ex.o ./Drivers/STM32L1xx_HAL_Driver/Src/stm32l1xx_hal_rcc_ex.su ./Drivers/STM32L1xx_HAL_Driver/Src/stm32l1xx_hal_tim.d ./Drivers/STM32L1xx_HAL_Driver/Src/stm32l1xx_hal_tim.o ./Drivers/STM32L1xx_HAL_Driver/Src/stm32l1xx_hal_tim.su ./Drivers/STM32L1xx_HAL_Driver/Src/stm32l1xx_hal_tim_ex.d ./Drivers/STM32L1xx_HAL_Driver/Src/stm32l1xx_hal_tim_ex.o ./Drivers/STM32L1xx_HAL_Driver/Src/stm32l1xx_hal_tim_ex.su ./Drivers/STM32L1xx_HAL_Driver/Src/stm32l1xx_hal_uart.d ./Drivers/STM32L1xx_HAL_Driver/Src/stm32l1xx_hal_uart.o ./Drivers/STM32L1xx_HAL_Driver/Src/stm32l1xx_hal_uart.su
rm -rf ./Core/Startup/startup_stm32l152retx.d ./Core/Startup/startup_stm32l152retx.o
rm -rf ./Core/Src/main.d ./Core/Src/main.o ./Core/Src/main.su ./Core/Src/robot.d ./Core/Src/robot.o ./Core/Src/robot.su ./Core/Src/stm32l1xx_hal_msp.d ./Core/Src/stm32l1xx_hal_msp.o ./Core/Src/stm32l1xx_hal_msp.su ./Core/Src/stm32l1xx_it.d ./Core/Src/stm32l1xx_it.o ./Core/Src/stm32l1xx_it.su ./Core/Src/syscalls.d ./Core/Src/syscalls.o ./Core/Src/syscalls.su ./Core/Src/sysmem.d ./Core/Src/sysmem.o ./Core/Src/sysmem.su ./Core/Src/system_stm32l1xx.d ./Core/Src/system_stm32l1xx.o ./Core/Src/system_stm32l1xx.su ./Core/Src/utils.d ./Core/Src/utils.o ./Core/Src/utils.su
rm -rf default.size.stdout nucleo-lab2.elf nucleo-lab2.list nucleo-lab2.map
 
20:58:05 **** Incremental Build of configuration Debug for project nucleo-lab2 ****
make -j8 all 
arm-none-eabi-gcc "../Drivers/STM32L1xx_HAL_Driver/Src/stm32l1xx_hal.c" -mcpu=cortex-m3 -std=gnu11 -g3 -DDEBUG -DUSE_HAL_DRIVER -DSTM32L152xE -c -I../Core/Inc -I../Drivers/STM32L1xx_HAL_Driver/Inc -I../Drivers/STM32L1xx_HAL_Driver/Inc/Legacy -I../Drivers/CMSIS/Device/ST/STM32L1xx/Include -I../Drivers/CMSIS/Include -O0 -ffunction-sections -fdata-sections -Wall -fstack-usage -MMD -MP -MF"Drivers/STM32L1xx_HAL_Driver/Src/stm32l1xx_hal.d" -MT"Drivers/STM32L1xx_HAL_Driver/Src/stm32l1xx_hal.o" --specs=nano.specs -mfloat-abi=soft -mthumb -o "Drivers/STM32L1xx_HAL_Driver/Src/stm32l1xx_hal.o"
arm-none-eabi-gcc "../Drivers/STM32L1xx_HAL_Driver/Src/stm32l1xx_hal_cortex.c" -mcpu=cortex-m3 -std=gnu11 -g3 -DDEBUG -DUSE_HAL_DRIVER -DSTM32L152xE -c -I../Core/Inc -I../Drivers/STM32L1xx_HAL_Driver/Inc -I../Drivers/STM32L1xx_HAL_Driver/Inc/Legacy -I../Drivers/CMSIS/Device/ST/STM32L1xx/Include -I../Drivers/CMSIS/Include -O0 -ffunction-sections -fdata-sections -Wall -fstack-usage -MMD -MP -MF"Drivers/STM32L1xx_HAL_Driver/Src/stm32l1xx_hal_cortex.d" -MT"Drivers/STM32L1xx_HAL_Driver/Src/stm32l1xx_hal_cortex.o" --specs=nano.specs -mfloat-abi=soft -mthumb -o "Drivers/STM32L1xx_HAL_Driver/Src/stm32l1xx_hal_cortex.o"
arm-none-eabi-gcc "../Drivers/STM32L1xx_HAL_Driver/Src/stm32l1xx_hal_dma.c" -mcpu=cortex-m3 -std=gnu11 -g3 -DDEBUG -DUSE_HAL_DRIVER -DSTM32L152xE -c -I../Core/Inc -I../Drivers/STM32L1xx_HAL_Driver/Inc -I../Drivers/STM32L1xx_HAL_Driver/Inc/Legacy -I../Drivers/CMSIS/Device/ST/STM32L1xx/Include -I../Drivers/CMSIS/Include -O0 -ffunction-sections -fdata-sections -Wall -fstack-usage -MMD -MP -MF"Drivers/STM32L1xx_HAL_Driver/Src/stm32l1xx_hal_dma.d" -MT"Drivers/STM32L1xx_HAL_Driver/Src/stm32l1xx_hal_dma.o" --specs=nano.specs -mfloat-abi=soft -mthumb -o "Drivers/STM32L1xx_HAL_Driver/Src/stm32l1xx_hal_dma.o"
arm-none-eabi-gcc "../Drivers/STM32L1xx_HAL_Driver/Src/stm32l1xx_hal_exti.c" -mcpu=cortex-m3 -std=gnu11 -g3 -DDEBUG -DUSE_HAL_DRIVER -DSTM32L152xE -c -I../Core/Inc -I../Drivers/STM32L1xx_HAL_Driver/Inc -I../Drivers/STM32L1xx_HAL_Driver/Inc/Legacy -I../Drivers/CMSIS/Device/ST/STM32L1xx/Include -I../Drivers/CMSIS/Include -O0 -ffunction-sections -fdata-sections -Wall -fstack-usage -MMD -MP -MF"Drivers/STM32L1xx_HAL_Driver/Src/stm32l1xx_hal_exti.d" -MT"Drivers/STM32L1xx_HAL_Driver/Src/stm32l1xx_hal_exti.o" --specs=nano.specs -mfloat-abi=soft -mthumb -o "Drivers/STM32L1xx_HAL_Driver/Src/stm32l1xx_hal_exti.o"
arm-none-eabi-gcc "../Drivers/STM32L1xx_HAL_Driver/Src/stm32l1xx_hal_flash.c" -mcpu=cortex-m3 -std=gnu11 -g3 -DDEBUG -DUSE_HAL_DRIVER -DSTM32L152xE -c -I../Core/Inc -I../Drivers/STM32L1xx_HAL_Driver/Inc -I../Drivers/STM32L1xx_HAL_Driver/Inc/Legacy -I../Drivers/CMSIS/Device/ST/STM32L1xx/Include -I../Drivers/CMSIS/Include -O0 -ffunction-sections -fdata-sections -Wall -fstack-usage -MMD -MP -MF"Drivers/STM32L1xx_HAL_Driver/Src/stm32l1xx_hal_flash.d" -MT"Drivers/STM32L1xx_HAL_Driver/Src/stm32l1xx_hal_flash.o" --specs=nano.specs -mfloat-abi=soft -mthumb -o "Drivers/STM32L1xx_HAL_Driver/Src/stm32l1xx_hal_flash.o"
arm-none-eabi-gcc "../Drivers/STM32L1xx_HAL_Driver/Src/stm32l1xx_hal_flash_ex.c" -mcpu=cortex-m3 -std=gnu11 -g3 -DDEBUG -DUSE_HAL_DRIVER -DSTM32L152xE -c -I../Core/Inc -I../Drivers/STM32L1xx_HAL_Driver/Inc -I../Drivers/STM32L1xx_HAL_Driver/Inc/Legacy -I../Drivers/CMSIS/Device/ST/STM32L1xx/Include -I../Drivers/CMSIS/Include -O0 -ffunction-sections -fdata-sections -Wall -fstack-usage -MMD -MP -MF"Drivers/STM32L1xx_HAL_Driver/Src/stm32l1xx_hal_flash_ex.d" -MT"Drivers/STM32L1xx_HAL_Driver/Src/stm32l1xx_hal_flash_ex.o" --specs=nano.specs -mfloat-abi=soft -mthumb -o "Drivers/STM32L1xx_HAL_Driver/Src/stm32l1xx_hal_flash_ex.o"
arm-none-eabi-gcc "../Drivers/STM32L1xx_HAL_Driver/Src/stm32l1xx_hal_flash_ramfunc.c" -mcpu=cortex-m3 -std=gnu11 -g3 -DDEBUG -DUSE_HAL_DRIVER -DSTM32L152xE -c -I../Core/Inc -I../Drivers/STM32L1xx_HAL_Driver/Inc -I../Drivers/STM32L1xx_HAL_Driver/Inc/Legacy -I../Drivers/CMSIS/Device/ST/STM32L1xx/Include -I../Drivers/CMSIS/Include -O0 -ffunction-sections -fdata-sections -Wall -fstack-usage -MMD -MP -MF"Drivers/STM32L1xx_HAL_Driver/Src/stm32l1xx_hal_flash_ramfunc.d" -MT"Drivers/STM32L1xx_HAL_Driver/Src/stm32l1xx_hal_flash_ramfunc.o" --specs=nano.specs -mfloat-abi=soft -mthumb -o "Drivers/STM32L1xx_HAL_Driver/Src/stm32l1xx_hal_flash_ramfunc.o"
arm-none-eabi-gcc "../Drivers/STM32L1xx_HAL_Driver/Src/stm32l1xx_hal_gpio.c" -mcpu=cortex-m3 -std=gnu11 -g3 -DDEBUG -DUSE_HAL_DRIVER -DSTM32L152xE -c -I../Core/Inc -I../Drivers/STM32L1xx_HAL_Driver/Inc -I../Drivers/STM32L1xx_HAL_Driver/Inc/Legacy -I../Drivers/CMSIS/Device/ST/STM32L1xx/Include -I../Drivers/CMSIS/Include -O0 -ffunction-sections -fdata-sections -Wall -fstack-usage -MMD -MP -MF"Drivers/STM32L1xx_HAL_Driver/Src/stm32l1xx_hal_gpio.d" -MT"Drivers/STM32L1xx_HAL_Driver/Src/stm32l1xx_hal_gpio.o" --specs=nano.specs -mfloat-abi=soft -mthumb -o "Drivers/STM32L1xx_HAL_Driver/Src/stm32l1xx_hal_gpio.o"
arm-none-eabi-gcc "../Drivers/STM32L1xx_HAL_Driver/Src/stm32l1xx_hal_pwr.c" -mcpu=cortex-m3 -std=gnu11 -g3 -DDEBUG -DUSE_HAL_DRIVER -DSTM32L152xE -c -I../Core/Inc -I../Drivers/STM32L1xx_HAL_Driver/Inc -I../Drivers/STM32L1xx_HAL_Driver/Inc/Legacy -I../Drivers/CMSIS/Device/ST/STM32L1xx/Include -I../Drivers/CMSIS/Include -O0 -ffunction-sections -fdata-sections -Wall -fstack-usage -MMD -MP -MF"Drivers/STM32L1xx_HAL_Driver/Src/stm32l1xx_hal_pwr.d" -MT"Drivers/STM32L1xx_HAL_Driver/Src/stm32l1xx_hal_pwr.o" --specs=nano.specs -mfloat-abi=soft -mthumb -o "Drivers/STM32L1xx_HAL_Driver/Src/stm32l1xx_hal_pwr.o"
arm-none-eabi-gcc "../Drivers/STM32L1xx_HAL_Driver/Src/stm32l1xx_hal_pwr_ex.c" -mcpu=cortex-m3 -std=gnu11 -g3 -DDEBUG -DUSE_HAL_DRIVER -DSTM32L152xE -c -I../Core/Inc -I../Drivers/STM32L1xx_HAL_Driver/Inc -I../Drivers/STM32L1xx_HAL_Driver/Inc/Legacy -I../Drivers/CMSIS/Device/ST/STM32L1xx/Include -I../Drivers/CMSIS/Include -O0 -ffunction-sections -fdata-sections -Wall -fstack-usage -MMD -MP -MF"Drivers/STM32L1xx_HAL_Driver/Src/stm32l1xx_hal_pwr_ex.d" -MT"Drivers/STM32L1xx_HAL_Driver/Src/stm32l1xx_hal_pwr_ex.o" --specs=nano.specs -mfloat-abi=soft -mthumb -o "Drivers/STM32L1xx_HAL_Driver/Src/stm32l1xx_hal_pwr_ex.o"
arm-none-eabi-gcc "../Drivers/STM32L1xx_HAL_Driver/Src/stm32l1xx_hal_rcc.c" -mcpu=cortex-m3 -std=gnu11 -g3 -DDEBUG -DUSE_HAL_DRIVER -DSTM32L152xE -c -I../Core/Inc -I../Drivers/STM32L1xx_HAL_Driver/Inc -I../Drivers/STM32L1xx_HAL_Driver/Inc/Legacy -I../Drivers/CMSIS/Device/ST/STM32L1xx/Include -I../Drivers/CMSIS/Include -O0 -ffunction-sections -fdata-sections -Wall -fstack-usage -MMD -MP -MF"Drivers/STM32L1xx_HAL_Driver/Src/stm32l1xx_hal_rcc.d" -MT"Drivers/STM32L1xx_HAL_Driver/Src/stm32l1xx_hal_rcc.o" --specs=nano.specs -mfloat-abi=soft -mthumb -o "Drivers/STM32L1xx_HAL_Driver/Src/stm32l1xx_hal_rcc.o"
arm-none-eabi-gcc "../Drivers/STM32L1xx_HAL_Driver/Src/stm32l1xx_hal_rcc_ex.c" -mcpu=cortex-m3 -std=gnu11 -g3 -DDEBUG -DUSE_HAL_DRIVER -DSTM32L152xE -c -I../Core/Inc -I../Drivers/STM32L1xx_HAL_Driver/Inc -I../Drivers/STM32L1xx_HAL_Driver/Inc/Legacy -I../Drivers/CMSIS/Device/ST/STM32L1xx/Include -I../Drivers/CMSIS/Include -O0 -ffunction-sections -fdata-sections -Wall -fstack-usage -MMD -MP -MF"Drivers/STM32L1xx_HAL_Driver/Src/stm32l1xx_hal_rcc_ex.d" -MT"Drivers/STM32L1xx_HAL_Driver/Src/stm32l1xx_hal_rcc_ex.o" --specs=nano.specs -mfloat-abi=soft -mthumb -o "Drivers/STM32L1xx_HAL_Driver/Src/stm32l1xx_hal_rcc_ex.o"
arm-none-eabi-gcc "../Drivers/STM32L1xx_HAL_Driver/Src/stm32l1xx_hal_tim.c" -mcpu=cortex-m3 -std=gnu11 -g3 -DDEBUG -DUSE_HAL_DRIVER -DSTM32L152xE -c -I../Core/Inc -I../Drivers/STM32L1xx_HAL_Driver/Inc -I../Drivers/STM32L1xx_HAL_Driver/Inc/Legacy -I../Drivers/CMSIS/Device/ST/STM32L1xx/Include -I../Drivers/CMSIS/Include -O0 -ffunction-sections -fdata-sections -Wall -fstack-usage -MMD -MP -MF"Drivers/STM32L1xx_HAL_Driver/Src/stm32l1xx_hal_tim.d" -MT"Drivers/STM32L1xx_HAL_Driver/Src/stm32l1xx_hal_tim.o" --specs=nano.specs -mfloat-abi=soft -mthumb -o "Drivers/STM32L1xx_HAL_Driver/Src/stm32l1xx_hal_tim.o"
arm-none-eabi-gcc "../Drivers/STM32L1xx_HAL_Driver/Src/stm32l1xx_hal_tim_ex.c" -mcpu=cortex-m3 -std=gnu11 -g3 -DDEBUG -DUSE_HAL_DRIVER -DSTM32L152xE -c -I../Core/Inc -I../Drivers/STM32L1xx_HAL_Driver/Inc -I../Drivers/STM32L1xx_HAL_Driver/Inc/Legacy -I../Drivers/CMSIS/Device/ST/STM32L1xx/Include -I../Drivers/CMSIS/Include -O0 -ffunction-sections -fdata-sections -Wall -fstack-usage -MMD -MP -MF"Drivers/STM32L1xx_HAL_Driver/Src/stm32l1xx_hal_tim_ex.d" -MT"Drivers/STM32L1xx_HAL_Driver/Src/stm32l1xx_hal_tim_ex.o" --specs=nano.specs -mfloat-abi=soft -mthumb -o "Drivers/STM32L1xx_HAL_Driver/Src/stm32l1xx_hal_tim_ex.o"
arm-none-eabi-gcc "../Drivers/STM32L1xx_HAL_Driver/Src/stm32l1xx_hal_uart.c" -mcpu=cortex-m3 -std=gnu11 -g3 -DDEBUG -DUSE_HAL_DRIVER -DSTM32L152xE -c -I../Core/Inc -I../Drivers/STM32L1xx_HAL_Driver/Inc -I../Drivers/STM32L1xx_HAL_Driver/Inc/Legacy -I../Drivers/CMSIS/Device/ST/STM32L1xx/Include -I../Drivers/CMSIS/Include -O0 -ffunction-sections -fdata-sections -Wall -fstack-usage -MMD -MP -MF"Drivers/STM32L1xx_HAL_Driver/Src/stm32l1xx_hal_uart.d" -MT"Drivers/STM32L1xx_HAL_Driver/Src/stm32l1xx_hal_uart.o" --specs=nano.specs -mfloat-abi=soft -mthumb -o "Drivers/STM32L1xx_HAL_Driver/Src/stm32l1xx_hal_uart.o"
arm-none-eabi-gcc -mcpu=cortex-m3 -g3 -DDEBUG -c -x assembler-with-cpp -MMD -MP -MF"Core/Startup/startup_stm32l152retx.d" -MT"Core/Startup/startup_stm32l152retx.o" --specs=nano.specs -mfloat-abi=soft -mthumb -o "Core/Startup/startup_stm32l152retx.o" "../Core/Startup/startup_stm32l152retx.s"
arm-none-eabi-gcc "../Core/Src/main.c" -mcpu=cortex-m3 -std=gnu11 -g3 -DDEBUG -DUSE_HAL_DRIVER -DSTM32L152xE -c -I../Core/Inc -I../Drivers/STM32L1xx_HAL_Driver/Inc -I../Drivers/STM32L1xx_HAL_Driver/Inc/Legacy -I../Drivers/CMSIS/Device/ST/STM32L1xx/Include -I../Drivers/CMSIS/Include -O0 -ffunction-sections -fdata-sections -Wall -fstack-usage -MMD -MP -MF"Core/Src/main.d" -MT"Core/Src/main.o" --specs=nano.specs -mfloat-abi=soft -mthumb -o "Core/Src/main.o"
arm-none-eabi-gcc "../Core/Src/robot.c" -mcpu=cortex-m3 -std=gnu11 -g3 -DDEBUG -DUSE_HAL_DRIVER -DSTM32L152xE -c -I../Core/Inc -I../Drivers/STM32L1xx_HAL_Driver/Inc -I../Drivers/STM32L1xx_HAL_Driver/Inc/Legacy -I../Drivers/CMSIS/Device/ST/STM32L1xx/Include -I../Drivers/CMSIS/Include -O0 -ffunction-sections -fdata-sections -Wall -fstack-usage -MMD -MP -MF"Core/Src/robot.d" -MT"Core/Src/robot.o" --specs=nano.specs -mfloat-abi=soft -mthumb -o "Core/Src/robot.o"
arm-none-eabi-gcc "../Core/Src/stm32l1xx_hal_msp.c" -mcpu=cortex-m3 -std=gnu11 -g3 -DDEBUG -DUSE_HAL_DRIVER -DSTM32L152xE -c -I../Core/Inc -I../Drivers/STM32L1xx_HAL_Driver/Inc -I../Drivers/STM32L1xx_HAL_Driver/Inc/Legacy -I../Drivers/CMSIS/Device/ST/STM32L1xx/Include -I../Drivers/CMSIS/Include -O0 -ffunction-sections -fdata-sections -Wall -fstack-usage -MMD -MP -MF"Core/Src/stm32l1xx_hal_msp.d" -MT"Core/Src/stm32l1xx_hal_msp.o" --specs=nano.specs -mfloat-abi=soft -mthumb -o "Core/Src/stm32l1xx_hal_msp.o"
arm-none-eabi-gcc "../Core/Src/stm32l1xx_it.c" -mcpu=cortex-m3 -std=gnu11 -g3 -DDEBUG -DUSE_HAL_DRIVER -DSTM32L152xE -c -I../Core/Inc -I../Drivers/STM32L1xx_HAL_Driver/Inc -I../Drivers/STM32L1xx_HAL_Driver/Inc/Legacy -I../Drivers/CMSIS/Device/ST/STM32L1xx/Include -I../Drivers/CMSIS/Include -O0 -ffunction-sections -fdata-sections -Wall -fstack-usage -MMD -MP -MF"Core/Src/stm32l1xx_it.d" -MT"Core/Src/stm32l1xx_it.o" --specs=nano.specs -mfloat-abi=soft -mthumb -o "Core/Src/stm32l1xx_it.o"
In file included from ../Core/Inc/main.h:35,
                 from ../Core/Src/main.c:20:
../Core/Inc/robot.h:13:23: error: field 'status' has incomplete type
   13 |   enum StatusGPIOrPin status;
      |                       ^~~~~~
../Core/Inc/robot.h:20:19: error: field 'pin_1' has incomplete type
   20 |   struct MotorPin pin_1;
      |                   ^~~~~
../Core/Inc/robot.h:21:19: error: field 'pin_2' has incomplete type
   21 |   struct MotorPin pin_2;
      |                   ^~~~~
../Core/Inc/robot.h:42:60: warning: 'enum StatusMotorPin' declared inside parameter list will not be visible outside of this definition or declaration
   42 | void updateStatusMotorPin(struct MotorPin *motor_pin, enum StatusMotorPin status);
      |                                                            ^~~~~~~~~~~~~~
arm-none-eabi-gcc "../Core/Src/syscalls.c" -mcpu=cortex-m3 -std=gnu11 -g3 -DDEBUG -DUSE_HAL_DRIVER -DSTM32L152xE -c -I../Core/Inc -I../Drivers/STM32L1xx_HAL_Driver/Inc -I../Drivers/STM32L1xx_HAL_Driver/Inc/Legacy -I../Drivers/CMSIS/Device/ST/STM32L1xx/Include -I../Drivers/CMSIS/Include -O0 -ffunction-sections -fdata-sections -Wall -fstack-usage -MMD -MP -MF"Core/Src/syscalls.d" -MT"Core/Src/syscalls.o" --specs=nano.specs -mfloat-abi=soft -mthumb -o "Core/Src/syscalls.o"
make: *** [Core/Src/subdir.mk:40: Core/Src/main.o] Error 1
make: *** Waiting for unfinished jobs....
In file included from ../Core/Inc/main.h:35,
                 from ../Core/Src/stm32l1xx_hal_msp.c:22:
../Core/Inc/robot.h:13:23: error: field 'status' has incomplete type
   13 |   enum StatusGPIOrPin status;
      |                       ^~~~~~
../Core/Inc/robot.h:20:19: error: field 'pin_1' has incomplete type
   20 |   struct MotorPin pin_1;
      |                   ^~~~~
../Core/Inc/robot.h:21:19: error: field 'pin_2' has incomplete type
   21 |   struct MotorPin pin_2;
      |                   ^~~~~
../Core/Inc/robot.h:42:60: warning: 'enum StatusMotorPin' declared inside parameter list will not be visible outside of this definition or declaration
   42 | void updateStatusMotorPin(struct MotorPin *motor_pin, enum StatusMotorPin status);
      |                                                            ^~~~~~~~~~~~~~
make: *** [Core/Src/subdir.mk:40: Core/Src/stm32l1xx_hal_msp.o] Error 1
In file included from ../Core/Src/robot.c:1:
../Core/Inc/robot.h:13:23: error: field 'status' has incomplete type
   13 |   enum StatusGPIOrPin status;
      |                       ^~~~~~
../Core/Inc/robot.h:20:19: error: field 'pin_1' has incomplete type
   20 |   struct MotorPin pin_1;
      |                   ^~~~~
../Core/Inc/robot.h:21:19: error: field 'pin_2' has incomplete type
   21 |   struct MotorPin pin_2;
      |                   ^~~~~
../Core/Inc/robot.h:42:60: warning: 'enum StatusMotorPin' declared inside parameter list will not be visible outside of this definition or declaration
   42 | void updateStatusMotorPin(struct MotorPin *motor_pin, enum StatusMotorPin status);
      |                                                            ^~~~~~~~~~~~~~
../Core/Src/robot.c: In function 'initMotorPin':
../Core/Src/robot.c:33:12: error: invalid use of undefined type 'struct MotorPin'
   33 |   motor_pin->gpio = gpio;
      |            ^~
../Core/Src/robot.c:34:12: error: invalid use of undefined type 'struct MotorPin'
   34 |   motor_pin->pin = pin;
      |            ^~
../Core/Src/robot.c: In function 'initMotor':
../Core/Src/robot.c:49:18: error: invalid use of undefined type 'struct MotorPin'
   49 |   motor->pin_1 = *pin_1;
      |                  ^
../Core/Src/robot.c:50:18: error: invalid use of undefined type 'struct MotorPin'
   50 |   motor->pin_2 = *pin_2;
      |                  ^
../Core/Src/robot.c: In function 'updateMotor':
../Core/Src/robot.c:128:23: error: storage size of 'status_motor_pin_1' isn't known
  128 |   enum StatusMotorPin status_motor_pin_1, status_motor_pin_2;
      |                       ^~~~~~~~~~~~~~~~~~
../Core/Src/robot.c:128:43: error: storage size of 'status_motor_pin_2' isn't known
  128 |   enum StatusMotorPin status_motor_pin_1, status_motor_pin_2;
      |                                           ^~~~~~~~~~~~~~~~~~
../Core/Src/robot.c:148:41: error: type of formal parameter 2 is incomplete
  148 |   updateStatusMotorPin(&(motor->pin_1), status_motor_pin_1);
      |                                         ^~~~~~~~~~~~~~~~~~
../Core/Src/robot.c:149:41: error: type of formal parameter 2 is incomplete
  149 |   updateStatusMotorPin(&(motor->pin_2), status_motor_pin_2);
      |                                         ^~~~~~~~~~~~~~~~~~
../Core/Src/robot.c:128:43: warning: unused variable 'status_motor_pin_2' [-Wunused-variable]
  128 |   enum StatusMotorPin status_motor_pin_1, status_motor_pin_2;
      |                                           ^~~~~~~~~~~~~~~~~~
../Core/Src/robot.c:128:23: warning: unused variable 'status_motor_pin_1' [-Wunused-variable]
  128 |   enum StatusMotorPin status_motor_pin_1, status_motor_pin_2;
      |                       ^~~~~~~~~~~~~~~~~~
../Core/Src/robot.c: At top level:
../Core/Src/robot.c:156:60: warning: 'enum StatusMotorPin' declared inside parameter list will not be visible outside of this definition or declaration
  156 | void updateStatusMotorPin(struct MotorPin *motor_pin, enum StatusMotorPin status) {
      |                                                            ^~~~~~~~~~~~~~
../Core/Src/robot.c:156:75: error: parameter 2 ('status') has incomplete type
  156 | void updateStatusMotorPin(struct MotorPin *motor_pin, enum StatusMotorPin status) {
      |                                                       ~~~~~~~~~~~~~~~~~~~~^~~~~~
../Core/Src/robot.c: In function 'updateStatusMotorPin':
../Core/Src/robot.c:157:12: error: invalid use of undefined type 'struct MotorPin'
  157 |   motor_pin->status = status;
      |            ^~
../Core/Src/robot.c: In function 'updateMotorPin':
../Core/Src/robot.c:167:20: error: invalid use of undefined type 'struct MotorPin'
  167 |   switch (motor_pin->status) {
      |                    ^~
../Core/Src/robot.c:169:16: error: invalid use of undefined type 'struct MotorPin'
  169 |       motor_pin->gpio->BSRR |= (1 << motor_pin->pin);
      |                ^~
../Core/Src/robot.c:169:47: error: invalid use of undefined type 'struct MotorPin'
  169 |       motor_pin->gpio->BSRR |= (1 << motor_pin->pin);
      |                                               ^~
../Core/Src/robot.c:173:16: error: invalid use of undefined type 'struct MotorPin'
  173 |       motor_pin->gpio->BSRR |= (1 << motor_pin->pin) << 16;
      |                ^~
../Core/Src/robot.c:173:47: error: invalid use of undefined type 'struct MotorPin'
  173 |       motor_pin->gpio->BSRR |= (1 << motor_pin->pin) << 16;
      |                                               ^~
../Core/Src/robot.c: At top level:
../Core/Src/robot.c:5:24: error: storage size of 's_pin_1_motor_right' isn't known
    5 | static struct MotorPin s_pin_1_motor_right, s_pin_2_motor_right;
      |                        ^~~~~~~~~~~~~~~~~~~
../Core/Src/robot.c:5:45: error: storage size of 's_pin_2_motor_right' isn't known
    5 | static struct MotorPin s_pin_1_motor_right, s_pin_2_motor_right;
      |                                             ^~~~~~~~~~~~~~~~~~~
../Core/Src/robot.c:8:24: error: storage size of 's_pin_1_motor_left' isn't known
    8 | static struct MotorPin s_pin_1_motor_left, s_pin_2_motor_left;
      |                        ^~~~~~~~~~~~~~~~~~
../Core/Src/robot.c:8:44: error: storage size of 's_pin_2_motor_left' isn't known
    8 | static struct MotorPin s_pin_1_motor_left, s_pin_2_motor_left;
      |                                            ^~~~~~~~~~~~~~~~~~
make: *** [Core/Src/subdir.mk:40: Core/Src/robot.o] Error 1
In file included from ../Core/Inc/main.h:35,
                 from ../Core/Src/stm32l1xx_it.c:21:
../Core/Inc/robot.h:13:23: error: field 'status' has incomplete type
   13 |   enum StatusGPIOrPin status;
      |                       ^~~~~~
../Core/Inc/robot.h:20:19: error: field 'pin_1' has incomplete type
   20 |   struct MotorPin pin_1;
      |                   ^~~~~
../Core/Inc/robot.h:21:19: error: field 'pin_2' has incomplete type
   21 |   struct MotorPin pin_2;
      |                   ^~~~~
../Core/Inc/robot.h:42:60: warning: 'enum StatusMotorPin' declared inside parameter list will not be visible outside of this definition or declaration
   42 | void updateStatusMotorPin(struct MotorPin *motor_pin, enum StatusMotorPin status);
      |                                                            ^~~~~~~~~~~~~~
make: *** [Core/Src/subdir.mk:40: Core/Src/stm32l1xx_it.o] Error 1
"make -j8 all" terminated with exit code 2. Build might be incomplete.
20:58:39 **** Incremental Build of configuration Debug for project nucleo-lab2 ****
make -j8 all 
arm-none-eabi-gcc "../Core/Src/main.c" -mcpu=cortex-m3 -std=gnu11 -g3 -DDEBUG -DUSE_HAL_DRIVER -DSTM32L152xE -c -I../Core/Inc -I../Drivers/STM32L1xx_HAL_Driver/Inc -I../Drivers/STM32L1xx_HAL_Driver/Inc/Legacy -I../Drivers/CMSIS/Device/ST/STM32L1xx/Include -I../Drivers/CMSIS/Include -O0 -ffunction-sections -fdata-sections -Wall -fstack-usage -MMD -MP -MF"Core/Src/main.d" -MT"Core/Src/main.o" --specs=nano.specs -mfloat-abi=soft -mthumb -o "Core/Src/main.o"
arm-none-eabi-gcc "../Core/Src/robot.c" -mcpu=cortex-m3 -std=gnu11 -g3 -DDEBUG -DUSE_HAL_DRIVER -DSTM32L152xE -c -I../Core/Inc -I../Drivers/STM32L1xx_HAL_Driver/Inc -I../Drivers/STM32L1xx_HAL_Driver/Inc/Legacy -I../Drivers/CMSIS/Device/ST/STM32L1xx/Include -I../Drivers/CMSIS/Include -O0 -ffunction-sections -fdata-sections -Wall -fstack-usage -MMD -MP -MF"Core/Src/robot.d" -MT"Core/Src/robot.o" --specs=nano.specs -mfloat-abi=soft -mthumb -o "Core/Src/robot.o"
arm-none-eabi-gcc "../Core/Src/stm32l1xx_hal_msp.c" -mcpu=cortex-m3 -std=gnu11 -g3 -DDEBUG -DUSE_HAL_DRIVER -DSTM32L152xE -c -I../Core/Inc -I../Drivers/STM32L1xx_HAL_Driver/Inc -I../Drivers/STM32L1xx_HAL_Driver/Inc/Legacy -I../Drivers/CMSIS/Device/ST/STM32L1xx/Include -I../Drivers/CMSIS/Include -O0 -ffunction-sections -fdata-sections -Wall -fstack-usage -MMD -MP -MF"Core/Src/stm32l1xx_hal_msp.d" -MT"Core/Src/stm32l1xx_hal_msp.o" --specs=nano.specs -mfloat-abi=soft -mthumb -o "Core/Src/stm32l1xx_hal_msp.o"
arm-none-eabi-gcc "../Core/Src/stm32l1xx_it.c" -mcpu=cortex-m3 -std=gnu11 -g3 -DDEBUG -DUSE_HAL_DRIVER -DSTM32L152xE -c -I../Core/Inc -I../Drivers/STM32L1xx_HAL_Driver/Inc -I../Drivers/STM32L1xx_HAL_Driver/Inc/Legacy -I../Drivers/CMSIS/Device/ST/STM32L1xx/Include -I../Drivers/CMSIS/Include -O0 -ffunction-sections -fdata-sections -Wall -fstack-usage -MMD -MP -MF"Core/Src/stm32l1xx_it.d" -MT"Core/Src/stm32l1xx_it.o" --specs=nano.specs -mfloat-abi=soft -mthumb -o "Core/Src/stm32l1xx_it.o"
arm-none-eabi-gcc "../Core/Src/sysmem.c" -mcpu=cortex-m3 -std=gnu11 -g3 -DDEBUG -DUSE_HAL_DRIVER -DSTM32L152xE -c -I../Core/Inc -I../Drivers/STM32L1xx_HAL_Driver/Inc -I../Drivers/STM32L1xx_HAL_Driver/Inc/Legacy -I../Drivers/CMSIS/Device/ST/STM32L1xx/Include -I../Drivers/CMSIS/Include -O0 -ffunction-sections -fdata-sections -Wall -fstack-usage -MMD -MP -MF"Core/Src/sysmem.d" -MT"Core/Src/sysmem.o" --specs=nano.specs -mfloat-abi=soft -mthumb -o "Core/Src/sysmem.o"
arm-none-eabi-gcc "../Core/Src/system_stm32l1xx.c" -mcpu=cortex-m3 -std=gnu11 -g3 -DDEBUG -DUSE_HAL_DRIVER -DSTM32L152xE -c -I../Core/Inc -I../Drivers/STM32L1xx_HAL_Driver/Inc -I../Drivers/STM32L1xx_HAL_Driver/Inc/Legacy -I../Drivers/CMSIS/Device/ST/STM32L1xx/Include -I../Drivers/CMSIS/Include -O0 -ffunction-sections -fdata-sections -Wall -fstack-usage -MMD -MP -MF"Core/Src/system_stm32l1xx.d" -MT"Core/Src/system_stm32l1xx.o" --specs=nano.specs -mfloat-abi=soft -mthumb -o "Core/Src/system_stm32l1xx.o"
arm-none-eabi-gcc "../Core/Src/utils.c" -mcpu=cortex-m3 -std=gnu11 -g3 -DDEBUG -DUSE_HAL_DRIVER -DSTM32L152xE -c -I../Core/Inc -I../Drivers/STM32L1xx_HAL_Driver/Inc -I../Drivers/STM32L1xx_HAL_Driver/Inc/Legacy -I../Drivers/CMSIS/Device/ST/STM32L1xx/Include -I../Drivers/CMSIS/Include -O0 -ffunction-sections -fdata-sections -Wall -fstack-usage -MMD -MP -MF"Core/Src/utils.d" -MT"Core/Src/utils.o" --specs=nano.specs -mfloat-abi=soft -mthumb -o "Core/Src/utils.o"
In file included from ../Core/Inc/main.h:35,
                 from ../Core/Src/main.c:20:
../Core/Inc/robot.h:32:26: warning: 'struct MotorPin' declared inside parameter list will not be visible outside of this definition or declaration
   32 | void initMotorPin(struct MotorPin *motor_pin, GPIO_TypeDef *gpio, char pin);
      |                          ^~~~~~~~
In file included from ../Core/Inc/main.h:35,
                 from ../Core/Src/stm32l1xx_it.c:21:
../Core/Inc/robot.h:32:26: warning: 'struct MotorPin' declared inside parameter list will not be visible outside of this definition or declaration
   32 | void initMotorPin(struct MotorPin *motor_pin, GPIO_TypeDef *gpio, char pin);
      |                          ^~~~~~~~
../Core/Inc/robot.h:33:44: warning: 'struct MotorPin' declared inside parameter list will not be visible outside of this definition or declaration
   33 | void initMotor(struct Motor *motor, struct MotorPin *pin_1, struct MotorPin *pin_2);
      |                                            ^~~~~~~~
../Core/Inc/robot.h:43:28: warning: 'struct MotorPin' declared inside parameter list will not be visible outside of this definition or declaration
   43 | void updateMotorPin(struct MotorPin *motor_pin);
      |                            ^~~~~~~~
../Core/Inc/robot.h:33:44: warning: 'struct MotorPin' declared inside parameter list will not be visible outside of this definition or declaration
   33 | void initMotor(struct Motor *motor, struct MotorPin *pin_1, struct MotorPin *pin_2);
      |                                            ^~~~~~~~
../Core/Inc/robot.h:43:28: warning: 'struct MotorPin' declared inside parameter list will not be visible outside of this definition or declaration
   43 | void updateMotorPin(struct MotorPin *motor_pin);
      |                            ^~~~~~~~
In file included from ../Core/Src/robot.c:1:
../Core/Inc/robot.h:32:26: warning: 'struct MotorPin' declared inside parameter list will not be visible outside of this definition or declaration
   32 | void initMotorPin(struct MotorPin *motor_pin, GPIO_TypeDef *gpio, char pin);
      |                          ^~~~~~~~
../Core/Inc/robot.h:33:44: warning: 'struct MotorPin' declared inside parameter list will not be visible outside of this definition or declaration
   33 | void initMotor(struct Motor *motor, struct MotorPin *pin_1, struct MotorPin *pin_2);
      |                                            ^~~~~~~~
../Core/Inc/robot.h:43:28: warning: 'struct MotorPin' declared inside parameter list will not be visible outside of this definition or declaration
   43 | void updateMotorPin(struct MotorPin *motor_pin);
      |                            ^~~~~~~~
../Core/Src/robot.c: In function 'createRobot':
../Core/Src/robot.c:16:16: warning: passing argument 1 of 'initMotorPin' from incompatible pointer type [-Wincompatible-pointer-types]
   16 |   initMotorPin(&s_pin_1_motor_right, GPIOB, 9);
      |                ^~~~~~~~~~~~~~~~~~~~
      |                |
      |                struct MotorPin *
In file included from ../Core/Src/robot.c:1:
../Core/Inc/robot.h:32:36: note: expected 'struct MotorPin *' but argument is of type 'struct MotorPin *'
   32 | void initMotorPin(struct MotorPin *motor_pin, GPIO_TypeDef *gpio, char pin);
      |                   ~~~~~~~~~~~~~~~~~^~~~~~~~~
../Core/Src/robot.c:17:16: warning: passing argument 1 of 'initMotorPin' from incompatible pointer type [-Wincompatible-pointer-types]
   17 |   initMotorPin(&s_pin_2_motor_right, GPIOA, 12);
      |                ^~~~~~~~~~~~~~~~~~~~
      |                |
      |                struct MotorPin *
In file included from ../Core/Inc/main.h:35,
                 from ../Core/Src/stm32l1xx_hal_msp.c:22:
../Core/Inc/robot.h:32:26: warning: 'struct MotorPin' declared inside parameter list will not be visible outside of this definition or declaration
   32 | void initMotorPin(struct MotorPin *motor_pin, GPIO_TypeDef *gpio, char pin);
      |                          ^~~~~~~~
In file included from ../Core/Src/robot.c:1:
../Core/Inc/robot.h:32:36: note: expected 'struct MotorPin *' but argument is of type 'struct MotorPin *'
   32 | void initMotorPin(struct MotorPin *motor_pin, GPIO_TypeDef *gpio, char pin);
      |                   ~~~~~~~~~~~~~~~~~^~~~~~~~~
../Core/Src/robot.c:18:29: warning: passing argument 2 of 'initMotor' from incompatible pointer type [-Wincompatible-pointer-types]
   18 |   initMotor(&s_motor_right, &s_pin_1_motor_right, &s_pin_2_motor_right);
      |                             ^~~~~~~~~~~~~~~~~~~~
      |                             |
      |                             struct MotorPin *
../Core/Inc/robot.h:33:44: warning: 'struct MotorPin' declared inside parameter list will not be visible outside of this definition or declaration
   33 | void initMotor(struct Motor *motor, struct MotorPin *pin_1, struct MotorPin *pin_2);
      |                                            ^~~~~~~~
In file included from ../Core/Src/robot.c:1:
../Core/Inc/robot.h:33:54: note: expected 'struct MotorPin *' but argument is of type 'struct MotorPin *'
   33 | void initMotor(struct Motor *motor, struct MotorPin *pin_1, struct MotorPin *pin_2);
      |                                     ~~~~~~~~~~~~~~~~~^~~~~
../Core/Src/robot.c:18:51: warning: passing argument 3 of 'initMotor' from incompatible pointer type [-Wincompatible-pointer-types]
   18 |   initMotor(&s_motor_right, &s_pin_1_motor_right, &s_pin_2_motor_right);
      |                                                   ^~~~~~~~~~~~~~~~~~~~
      |                                                   |
      |                                                   struct MotorPin *
In file included from ../Core/Src/robot.c:1:
../Core/Inc/robot.h:33:78: note: expected 'struct MotorPin *' but argument is of type 'struct MotorPin *'
   33 | void initMotor(struct Motor *motor, struct MotorPin *pin_1, struct MotorPin *pin_2);
      |                                                             ~~~~~~~~~~~~~~~~~^~~~~
../Core/Inc/robot.h:43:28: warning: 'struct MotorPin' declared inside parameter list will not be visible outside of this definition or declaration
   43 | void updateMotorPin(struct MotorPin *motor_pin);
      |                            ^~~~~~~~
../Core/Src/robot.c:21:16: warning: passing argument 1 of 'initMotorPin' from incompatible pointer type [-Wincompatible-pointer-types]
   21 |   initMotorPin(&s_pin_1_motor_left, GPIOB, 8);
      |                ^~~~~~~~~~~~~~~~~~~
      |                |
      |                struct MotorPin *
In file included from ../Core/Src/robot.c:1:
../Core/Inc/robot.h:32:36: note: expected 'struct MotorPin *' but argument is of type 'struct MotorPin *'
   32 | void initMotorPin(struct MotorPin *motor_pin, GPIO_TypeDef *gpio, char pin);
      |                   ~~~~~~~~~~~~~~~~~^~~~~~~~~
../Core/Src/robot.c:22:16: warning: passing argument 1 of 'initMotorPin' from incompatible pointer type [-Wincompatible-pointer-types]
   22 |   initMotorPin(&s_pin_2_motor_left, GPIOA, 11);
      |                ^~~~~~~~~~~~~~~~~~~
      |                |
      |                struct MotorPin *
In file included from ../Core/Src/robot.c:1:
../Core/Inc/robot.h:32:36: note: expected 'struct MotorPin *' but argument is of type 'struct MotorPin *'
   32 | void initMotorPin(struct MotorPin *motor_pin, GPIO_TypeDef *gpio, char pin);
      |                   ~~~~~~~~~~~~~~~~~^~~~~~~~~
../Core/Src/robot.c:23:28: warning: passing argument 2 of 'initMotor' from incompatible pointer type [-Wincompatible-pointer-types]
   23 |   initMotor(&s_motor_left, &s_pin_1_motor_left, &s_pin_2_motor_left);
      |                            ^~~~~~~~~~~~~~~~~~~
      |                            |
      |                            struct MotorPin *
In file included from ../Core/Src/robot.c:1:
../Core/Inc/robot.h:33:54: note: expected 'struct MotorPin *' but argument is of type 'struct MotorPin *'
   33 | void initMotor(struct Motor *motor, struct MotorPin *pin_1, struct MotorPin *pin_2);
      |                                     ~~~~~~~~~~~~~~~~~^~~~~
../Core/Src/robot.c:23:49: warning: passing argument 3 of 'initMotor' from incompatible pointer type [-Wincompatible-pointer-types]
   23 |   initMotor(&s_motor_left, &s_pin_1_motor_left, &s_pin_2_motor_left);
      |                                                 ^~~~~~~~~~~~~~~~~~~
      |                                                 |
      |                                                 struct MotorPin *
In file included from ../Core/Src/robot.c:1:
../Core/Inc/robot.h:33:78: note: expected 'struct MotorPin *' but argument is of type 'struct MotorPin *'
   33 | void initMotor(struct Motor *motor, struct MotorPin *pin_1, struct MotorPin *pin_2);
      |                                                             ~~~~~~~~~~~~~~~~~^~~~~
../Core/Src/robot.c: At top level:
../Core/Src/robot.c:32:6: error: conflicting types for 'initMotorPin'
   32 | void initMotorPin(struct MotorPin *motor_pin, GPIO_TypeDef *gpio, char pin) {
      |      ^~~~~~~~~~~~
In file included from ../Core/Src/robot.c:1:
../Core/Inc/robot.h:32:6: note: previous declaration of 'initMotorPin' was here
   32 | void initMotorPin(struct MotorPin *motor_pin, GPIO_TypeDef *gpio, char pin);
      |      ^~~~~~~~~~~~
../Core/Src/robot.c: In function 'initMotorPin':
../Core/Src/robot.c:33:12: error: invalid use of undefined type 'struct MotorPin'
   33 |   motor_pin->gpio = gpio;
      |            ^~
../Core/Src/robot.c:34:12: error: invalid use of undefined type 'struct MotorPin'
   34 |   motor_pin->pin = pin;
      |            ^~
../Core/Src/robot.c: At top level:
../Core/Src/robot.c:48:6: error: conflicting types for 'initMotor'
   48 | void initMotor(struct Motor *motor, struct MotorPin *pin_1, struct MotorPin *pin_2) {
      |      ^~~~~~~~~
In file included from ../Core/Src/robot.c:1:
../Core/Inc/robot.h:33:6: note: previous declaration of 'initMotor' was here
   33 | void initMotor(struct Motor *motor, struct MotorPin *pin_1, struct MotorPin *pin_2);
      |      ^~~~~~~~~
../Core/Src/robot.c: In function 'initMotor':
../Core/Src/robot.c:49:18: error: invalid use of undefined type 'struct MotorPin'
   49 |   motor->pin_1 = *pin_1;
      |                  ^
../Core/Src/robot.c:50:18: error: invalid use of undefined type 'struct MotorPin'
   50 |   motor->pin_2 = *pin_2;
      |                  ^
../Core/Src/robot.c: In function 'updateMotor':
../Core/Src/robot.c:128:23: error: storage size of 'status_motor_pin_1' isn't known
  128 |   enum StatusMotorPin status_motor_pin_1, status_motor_pin_2;
      |                       ^~~~~~~~~~~~~~~~~~
../Core/Src/robot.c:128:43: error: storage size of 'status_motor_pin_2' isn't known
  128 |   enum StatusMotorPin status_motor_pin_1, status_motor_pin_2;
      |                                           ^~~~~~~~~~~~~~~~~~
../Core/Src/robot.c:128:43: warning: unused variable 'status_motor_pin_2' [-Wunused-variable]
../Core/Src/robot.c:128:23: warning: unused variable 'status_motor_pin_1' [-Wunused-variable]
  128 |   enum StatusMotorPin status_motor_pin_1, status_motor_pin_2;
      |                       ^~~~~~~~~~~~~~~~~~
../Core/Src/robot.c: At top level:
../Core/Src/robot.c:156:60: warning: 'enum StatusMotorPin' declared inside parameter list will not be visible outside of this definition or declaration
  156 | void updateStatusMotorPin(struct MotorPin *motor_pin, enum StatusMotorPin status) {
      |                                                            ^~~~~~~~~~~~~~
../Core/Src/robot.c:156:75: error: parameter 2 ('status') has incomplete type
  156 | void updateStatusMotorPin(struct MotorPin *motor_pin, enum StatusMotorPin status) {
      |                                                       ~~~~~~~~~~~~~~~~~~~~^~~~~~
../Core/Src/robot.c: In function 'updateStatusMotorPin':
../Core/Src/robot.c:157:12: error: invalid use of undefined type 'struct MotorPin'
  157 |   motor_pin->status = status;
      |            ^~
../Core/Src/robot.c:158:18: warning: passing argument 1 of 'updateMotorPin' from incompatible pointer type [-Wincompatible-pointer-types]
  158 |   updateMotorPin(motor_pin);
      |                  ^~~~~~~~~
      |                  |
      |                  struct MotorPin *
In file included from ../Core/Src/robot.c:1:
../Core/Inc/robot.h:43:38: note: expected 'struct MotorPin *' but argument is of type 'struct MotorPin *'
   43 | void updateMotorPin(struct MotorPin *motor_pin);
      |                     ~~~~~~~~~~~~~~~~~^~~~~~~~~
../Core/Src/robot.c: At top level:
../Core/Src/robot.c:166:6: error: conflicting types for 'updateMotorPin'
  166 | void updateMotorPin(struct MotorPin *motor_pin) {
      |      ^~~~~~~~~~~~~~
In file included from ../Core/Src/robot.c:1:
../Core/Inc/robot.h:43:6: note: previous declaration of 'updateMotorPin' was here
   43 | void updateMotorPin(struct MotorPin *motor_pin);
      |      ^~~~~~~~~~~~~~
../Core/Src/robot.c: In function 'updateMotorPin':
../Core/Src/robot.c:167:20: error: invalid use of undefined type 'struct MotorPin'
  167 |   switch (motor_pin->status) {
      |                    ^~
../Core/Src/robot.c:169:16: error: invalid use of undefined type 'struct MotorPin'
  169 |       motor_pin->gpio->BSRR |= (1 << motor_pin->pin);
      |                ^~
../Core/Src/robot.c:169:47: error: invalid use of undefined type 'struct MotorPin'
  169 |       motor_pin->gpio->BSRR |= (1 << motor_pin->pin);
      |                                               ^~
../Core/Src/robot.c:173:16: error: invalid use of undefined type 'struct MotorPin'
  173 |       motor_pin->gpio->BSRR |= (1 << motor_pin->pin) << 16;
      |                ^~
../Core/Src/robot.c:173:47: error: invalid use of undefined type 'struct MotorPin'
  173 |       motor_pin->gpio->BSRR |= (1 << motor_pin->pin) << 16;
      |                                               ^~
../Core/Src/robot.c: At top level:
../Core/Src/robot.c:5:24: error: storage size of 's_pin_1_motor_right' isn't known
    5 | static struct MotorPin s_pin_1_motor_right, s_pin_2_motor_right;
      |                        ^~~~~~~~~~~~~~~~~~~
../Core/Src/robot.c:5:45: error: storage size of 's_pin_2_motor_right' isn't known
    5 | static struct MotorPin s_pin_1_motor_right, s_pin_2_motor_right;
      |                                             ^~~~~~~~~~~~~~~~~~~
../Core/Src/robot.c:8:24: error: storage size of 's_pin_1_motor_left' isn't known
    8 | static struct MotorPin s_pin_1_motor_left, s_pin_2_motor_left;
      |                        ^~~~~~~~~~~~~~~~~~
../Core/Src/robot.c:8:44: error: storage size of 's_pin_2_motor_left' isn't known
    8 | static struct MotorPin s_pin_1_motor_left, s_pin_2_motor_left;
      |                                            ^~~~~~~~~~~~~~~~~~
make: *** [Core/Src/subdir.mk:40: Core/Src/robot.o] Error 1
make: *** Waiting for unfinished jobs....
"make -j8 all" terminated with exit code 2. Build might be incomplete.
20:59:22 **** Incremental Build of configuration Debug for project nucleo-lab2 ****
make -j8 all 
arm-none-eabi-gcc "../Core/Src/main.c" -mcpu=cortex-m3 -std=gnu11 -g3 -DDEBUG -DUSE_HAL_DRIVER -DSTM32L152xE -c -I../Core/Inc -I../Drivers/STM32L1xx_HAL_Driver/Inc -I../Drivers/STM32L1xx_HAL_Driver/Inc/Legacy -I../Drivers/CMSIS/Device/ST/STM32L1xx/Include -I../Drivers/CMSIS/Include -O0 -ffunction-sections -fdata-sections -Wall -fstack-usage -MMD -MP -MF"Core/Src/main.d" -MT"Core/Src/main.o" --specs=nano.specs -mfloat-abi=soft -mthumb -o "Core/Src/main.o"
arm-none-eabi-gcc "../Core/Src/robot.c" -mcpu=cortex-m3 -std=gnu11 -g3 -DDEBUG -DUSE_HAL_DRIVER -DSTM32L152xE -c -I../Core/Inc -I../Drivers/STM32L1xx_HAL_Driver/Inc -I../Drivers/STM32L1xx_HAL_Driver/Inc/Legacy -I../Drivers/CMSIS/Device/ST/STM32L1xx/Include -I../Drivers/CMSIS/Include -O0 -ffunction-sections -fdata-sections -Wall -fstack-usage -MMD -MP -MF"Core/Src/robot.d" -MT"Core/Src/robot.o" --specs=nano.specs -mfloat-abi=soft -mthumb -o "Core/Src/robot.o"
arm-none-eabi-gcc "../Core/Src/stm32l1xx_hal_msp.c" -mcpu=cortex-m3 -std=gnu11 -g3 -DDEBUG -DUSE_HAL_DRIVER -DSTM32L152xE -c -I../Core/Inc -I../Drivers/STM32L1xx_HAL_Driver/Inc -I../Drivers/STM32L1xx_HAL_Driver/Inc/Legacy -I../Drivers/CMSIS/Device/ST/STM32L1xx/Include -I../Drivers/CMSIS/Include -O0 -ffunction-sections -fdata-sections -Wall -fstack-usage -MMD -MP -MF"Core/Src/stm32l1xx_hal_msp.d" -MT"Core/Src/stm32l1xx_hal_msp.o" --specs=nano.specs -mfloat-abi=soft -mthumb -o "Core/Src/stm32l1xx_hal_msp.o"
arm-none-eabi-gcc "../Core/Src/stm32l1xx_it.c" -mcpu=cortex-m3 -std=gnu11 -g3 -DDEBUG -DUSE_HAL_DRIVER -DSTM32L152xE -c -I../Core/Inc -I../Drivers/STM32L1xx_HAL_Driver/Inc -I../Drivers/STM32L1xx_HAL_Driver/Inc/Legacy -I../Drivers/CMSIS/Device/ST/STM32L1xx/Include -I../Drivers/CMSIS/Include -O0 -ffunction-sections -fdata-sections -Wall -fstack-usage -MMD -MP -MF"Core/Src/stm32l1xx_it.d" -MT"Core/Src/stm32l1xx_it.o" --specs=nano.specs -mfloat-abi=soft -mthumb -o "Core/Src/stm32l1xx_it.o"
In file included from ../Core/Inc/main.h:35,
                 from ../Core/Src/main.c:20:
../Core/Inc/robot.h:33:44: warning: 'struct MotorPin' declared inside parameter list will not be visible outside of this definition or declaration
   33 | void initMotor(struct Motor *motor, struct MotorPin *pin_1, struct MotorPin *pin_2);
      |                                            ^~~~~~~~
In file included from ../Core/Src/robot.c:1:
../Core/Inc/robot.h:33:44: warning: 'struct MotorPin' declared inside parameter list will not be visible outside of this definition or declaration
   33 | void initMotor(struct Motor *motor, struct MotorPin *pin_1, struct MotorPin *pin_2);
      |                                            ^~~~~~~~
In file included from ../Core/Inc/main.h:35,
                 from ../Core/Src/stm32l1xx_hal_msp.c:22:
../Core/Inc/robot.h:33:44: warning: 'struct MotorPin' declared inside parameter list will not be visible outside of this definition or declaration
   33 | void initMotor(struct Motor *motor, struct MotorPin *pin_1, struct MotorPin *pin_2);
      |                                            ^~~~~~~~
../Core/Src/robot.c: In function 'createRobot':
../Core/Src/robot.c:16:3: warning: implicit declaration of function 'initMotorPin'; did you mean 'initMotor'? [-Wimplicit-function-declaration]
   16 |   initMotorPin(&s_pin_1_motor_right, GPIOB, 9);
      |   ^~~~~~~~~~~~
      |   initMotor
../Core/Src/robot.c:18:29: warning: passing argument 2 of 'initMotor' from incompatible pointer type [-Wincompatible-pointer-types]
   18 |   initMotor(&s_motor_right, &s_pin_1_motor_right, &s_pin_2_motor_right);
      |                             ^~~~~~~~~~~~~~~~~~~~
      |                             |
      |                             struct MotorPin *
In file included from ../Core/Src/robot.c:1:
../Core/Inc/robot.h:33:54: note: expected 'struct MotorPin *' but argument is of type 'struct MotorPin *'
   33 | void initMotor(struct Motor *motor, struct MotorPin *pin_1, struct MotorPin *pin_2);
      |                                     ~~~~~~~~~~~~~~~~~^~~~~
../Core/Src/robot.c:18:51: warning: passing argument 3 of 'initMotor' from incompatible pointer type [-Wincompatible-pointer-types]
   18 |   initMotor(&s_motor_right, &s_pin_1_motor_right, &s_pin_2_motor_right);
      |                                                   ^~~~~~~~~~~~~~~~~~~~
      |                                                   |
      |                                                   struct MotorPin *
In file included from ../Core/Src/robot.c:1:
../Core/Inc/robot.h:33:78: note: expected 'struct MotorPin *' but argument is of type 'struct MotorPin *'
   33 | void initMotor(struct Motor *motor, struct MotorPin *pin_1, struct MotorPin *pin_2);
      |                                                             ~~~~~~~~~~~~~~~~~^~~~~
../Core/Src/robot.c:23:28: warning: passing argument 2 of 'initMotor' from incompatible pointer type [-Wincompatible-pointer-types]
   23 |   initMotor(&s_motor_left, &s_pin_1_motor_left, &s_pin_2_motor_left);
      |                            ^~~~~~~~~~~~~~~~~~~
      |                            |
      |                            struct MotorPin *
In file included from ../Core/Src/robot.c:1:
../Core/Inc/robot.h:33:54: note: expected 'struct MotorPin *' but argument is of type 'struct MotorPin *'
   33 | void initMotor(struct Motor *motor, struct MotorPin *pin_1, struct MotorPin *pin_2);
      |                                     ~~~~~~~~~~~~~~~~~^~~~~
../Core/Src/robot.c:23:49: warning: passing argument 3 of 'initMotor' from incompatible pointer type [-Wincompatible-pointer-types]
   23 |   initMotor(&s_motor_left, &s_pin_1_motor_left, &s_pin_2_motor_left);
      |                                                 ^~~~~~~~~~~~~~~~~~~
      |                                                 |
      |                                                 struct MotorPin *
In file included from ../Core/Src/robot.c:1:
../Core/Inc/robot.h:33:78: note: expected 'struct MotorPin *' but argument is of type 'struct MotorPin *'
   33 | void initMotor(struct Motor *motor, struct MotorPin *pin_1, struct MotorPin *pin_2);
      |                                                             ~~~~~~~~~~~~~~~~~^~~~~
../Core/Src/robot.c: At top level:
../Core/Src/robot.c:32:6: warning: conflicting types for 'initMotorPin'
   32 | void initMotorPin(struct MotorPin *motor_pin, GPIO_TypeDef *gpio, char pin) {
      |      ^~~~~~~~~~~~
../Core/Src/robot.c:16:3: note: previous implicit declaration of 'initMotorPin' was here
   16 |   initMotorPin(&s_pin_1_motor_right, GPIOB, 9);
      |   ^~~~~~~~~~~~
../Core/Src/robot.c: In function 'initMotorPin':
../Core/Src/robot.c:33:12: error: invalid use of undefined type 'struct MotorPin'
   33 |   motor_pin->gpio = gpio;
      |            ^~
../Core/Src/robot.c:34:12: error: invalid use of undefined type 'struct MotorPin'
   34 |   motor_pin->pin = pin;
      |            ^~
../Core/Src/robot.c: At top level:
../Core/Src/robot.c:48:6: error: conflicting types for 'initMotor'
   48 | void initMotor(struct Motor *motor, struct MotorPin *pin_1, struct MotorPin *pin_2) {
      |      ^~~~~~~~~
In file included from ../Core/Src/robot.c:1:
../Core/Inc/robot.h:33:6: note: previous declaration of 'initMotor' was here
   33 | void initMotor(struct Motor *motor, struct MotorPin *pin_1, struct MotorPin *pin_2);
      |      ^~~~~~~~~
../Core/Src/robot.c: In function 'initMotor':
../Core/Src/robot.c:49:18: error: invalid use of undefined type 'struct MotorPin'
   49 |   motor->pin_1 = *pin_1;
      |                  ^
../Core/Src/robot.c:50:18: error: invalid use of undefined type 'struct MotorPin'
   50 |   motor->pin_2 = *pin_2;
      |                  ^
../Core/Src/robot.c: In function 'updateMotor':
../Core/Src/robot.c:128:23: error: storage size of 'status_motor_pin_1' isn't known
  128 |   enum StatusMotorPin status_motor_pin_1, status_motor_pin_2;
      |                       ^~~~~~~~~~~~~~~~~~
../Core/Src/robot.c:128:43: error: storage size of 'status_motor_pin_2' isn't known
  128 |   enum StatusMotorPin status_motor_pin_1, status_motor_pin_2;
      |                                           ^~~~~~~~~~~~~~~~~~
In file included from ../Core/Inc/main.h:35,
                 from ../Core/Src/stm32l1xx_it.c:21:
../Core/Inc/robot.h:33:44: warning: 'struct MotorPin' declared inside parameter list will not be visible outside of this definition or declaration
   33 | void initMotor(struct Motor *motor, struct MotorPin *pin_1, struct MotorPin *pin_2);
      |                                            ^~~~~~~~
../Core/Src/robot.c:148:3: warning: implicit declaration of function 'updateStatusMotorPin'; did you mean 'updateStatusMotor'? [-Wimplicit-function-declaration]
  148 |   updateStatusMotorPin(&(motor->pin_1), status_motor_pin_1);
      |   ^~~~~~~~~~~~~~~~~~~~
      |   updateStatusMotor
../Core/Src/robot.c:128:43: warning: unused variable 'status_motor_pin_2' [-Wunused-variable]
  128 |   enum StatusMotorPin status_motor_pin_1, status_motor_pin_2;
      |                                           ^~~~~~~~~~~~~~~~~~
../Core/Src/robot.c:128:23: warning: unused variable 'status_motor_pin_1' [-Wunused-variable]
  128 |   enum StatusMotorPin status_motor_pin_1, status_motor_pin_2;
      |                       ^~~~~~~~~~~~~~~~~~
../Core/Src/robot.c: At top level:
../Core/Src/robot.c:156:60: warning: 'enum StatusMotorPin' declared inside parameter list will not be visible outside of this definition or declaration
  156 | void updateStatusMotorPin(struct MotorPin *motor_pin, enum StatusMotorPin status) {
      |                                                            ^~~~~~~~~~~~~~
../Core/Src/robot.c:156:75: error: parameter 2 ('status') has incomplete type
  156 | void updateStatusMotorPin(struct MotorPin *motor_pin, enum StatusMotorPin status) {
      |                                                       ~~~~~~~~~~~~~~~~~~~~^~~~~~
../Core/Src/robot.c:156:6: warning: conflicting types for 'updateStatusMotorPin'
  156 | void updateStatusMotorPin(struct MotorPin *motor_pin, enum StatusMotorPin status) {
      |      ^~~~~~~~~~~~~~~~~~~~
../Core/Src/robot.c:148:3: note: previous implicit declaration of 'updateStatusMotorPin' was here
  148 |   updateStatusMotorPin(&(motor->pin_1), status_motor_pin_1);
      |   ^~~~~~~~~~~~~~~~~~~~
../Core/Src/robot.c: In function 'updateStatusMotorPin':
../Core/Src/robot.c:157:12: error: invalid use of undefined type 'struct MotorPin'
  157 |   motor_pin->status = status;
      |            ^~
../Core/Src/robot.c:158:3: warning: implicit declaration of function 'updateMotorPin'; did you mean 'updateMotor'? [-Wimplicit-function-declaration]
  158 |   updateMotorPin(motor_pin);
      |   ^~~~~~~~~~~~~~
      |   updateMotor
../Core/Src/robot.c: At top level:
../Core/Src/robot.c:166:6: warning: conflicting types for 'updateMotorPin'
  166 | void updateMotorPin(struct MotorPin *motor_pin) {
      |      ^~~~~~~~~~~~~~
../Core/Src/robot.c:158:3: note: previous implicit declaration of 'updateMotorPin' was here
  158 |   updateMotorPin(motor_pin);
      |   ^~~~~~~~~~~~~~
../Core/Src/robot.c: In function 'updateMotorPin':
../Core/Src/robot.c:167:20: error: invalid use of undefined type 'struct MotorPin'
  167 |   switch (motor_pin->status) {
      |                    ^~
../Core/Src/robot.c:169:16: error: invalid use of undefined type 'struct MotorPin'
  169 |       motor_pin->gpio->BSRR |= (1 << motor_pin->pin);
      |                ^~
../Core/Src/robot.c:169:47: error: invalid use of undefined type 'struct MotorPin'
  169 |       motor_pin->gpio->BSRR |= (1 << motor_pin->pin);
      |                                               ^~
../Core/Src/robot.c:173:16: error: invalid use of undefined type 'struct MotorPin'
  173 |       motor_pin->gpio->BSRR |= (1 << motor_pin->pin) << 16;
      |                ^~
../Core/Src/robot.c:173:47: error: invalid use of undefined type 'struct MotorPin'
  173 |       motor_pin->gpio->BSRR |= (1 << motor_pin->pin) << 16;
      |                                               ^~
../Core/Src/robot.c: At top level:
../Core/Src/robot.c:5:24: error: storage size of 's_pin_1_motor_right' isn't known
    5 | static struct MotorPin s_pin_1_motor_right, s_pin_2_motor_right;
      |                        ^~~~~~~~~~~~~~~~~~~
../Core/Src/robot.c:5:45: error: storage size of 's_pin_2_motor_right' isn't known
    5 | static struct MotorPin s_pin_1_motor_right, s_pin_2_motor_right;
      |                                             ^~~~~~~~~~~~~~~~~~~
../Core/Src/robot.c:8:24: error: storage size of 's_pin_1_motor_left' isn't known
    8 | static struct MotorPin s_pin_1_motor_left, s_pin_2_motor_left;
      |                        ^~~~~~~~~~~~~~~~~~
../Core/Src/robot.c:8:44: error: storage size of 's_pin_2_motor_left' isn't known
    8 | static struct MotorPin s_pin_1_motor_left, s_pin_2_motor_left;
      |                                            ^~~~~~~~~~~~~~~~~~
make: *** [Core/Src/subdir.mk:40: Core/Src/robot.o] Error 1
make: *** Waiting for unfinished jobs....
"make -j8 all" terminated with exit code 2. Build might be incomplete.
20:59:35 **** Incremental Build of configuration Debug for project nucleo-lab2 ****
make -j8 all 
arm-none-eabi-gcc "../Core/Src/main.c" -mcpu=cortex-m3 -std=gnu11 -g3 -DDEBUG -DUSE_HAL_DRIVER -DSTM32L152xE -c -I../Core/Inc -I../Drivers/STM32L1xx_HAL_Driver/Inc -I../Drivers/STM32L1xx_HAL_Driver/Inc/Legacy -I../Drivers/CMSIS/Device/ST/STM32L1xx/Include -I../Drivers/CMSIS/Include -O0 -ffunction-sections -fdata-sections -Wall -fstack-usage -MMD -MP -MF"Core/Src/main.d" -MT"Core/Src/main.o" --specs=nano.specs -mfloat-abi=soft -mthumb -o "Core/Src/main.o"
arm-none-eabi-gcc "../Core/Src/robot.c" -mcpu=cortex-m3 -std=gnu11 -g3 -DDEBUG -DUSE_HAL_DRIVER -DSTM32L152xE -c -I../Core/Inc -I../Drivers/STM32L1xx_HAL_Driver/Inc -I../Drivers/STM32L1xx_HAL_Driver/Inc/Legacy -I../Drivers/CMSIS/Device/ST/STM32L1xx/Include -I../Drivers/CMSIS/Include -O0 -ffunction-sections -fdata-sections -Wall -fstack-usage -MMD -MP -MF"Core/Src/robot.d" -MT"Core/Src/robot.o" --specs=nano.specs -mfloat-abi=soft -mthumb -o "Core/Src/robot.o"
arm-none-eabi-gcc "../Core/Src/stm32l1xx_hal_msp.c" -mcpu=cortex-m3 -std=gnu11 -g3 -DDEBUG -DUSE_HAL_DRIVER -DSTM32L152xE -c -I../Core/Inc -I../Drivers/STM32L1xx_HAL_Driver/Inc -I../Drivers/STM32L1xx_HAL_Driver/Inc/Legacy -I../Drivers/CMSIS/Device/ST/STM32L1xx/Include -I../Drivers/CMSIS/Include -O0 -ffunction-sections -fdata-sections -Wall -fstack-usage -MMD -MP -MF"Core/Src/stm32l1xx_hal_msp.d" -MT"Core/Src/stm32l1xx_hal_msp.o" --specs=nano.specs -mfloat-abi=soft -mthumb -o "Core/Src/stm32l1xx_hal_msp.o"
arm-none-eabi-gcc "../Core/Src/stm32l1xx_it.c" -mcpu=cortex-m3 -std=gnu11 -g3 -DDEBUG -DUSE_HAL_DRIVER -DSTM32L152xE -c -I../Core/Inc -I../Drivers/STM32L1xx_HAL_Driver/Inc -I../Drivers/STM32L1xx_HAL_Driver/Inc/Legacy -I../Drivers/CMSIS/Device/ST/STM32L1xx/Include -I../Drivers/CMSIS/Include -O0 -ffunction-sections -fdata-sections -Wall -fstack-usage -MMD -MP -MF"Core/Src/stm32l1xx_it.d" -MT"Core/Src/stm32l1xx_it.o" --specs=nano.specs -mfloat-abi=soft -mthumb -o "Core/Src/stm32l1xx_it.o"
../Core/Src/robot.c: In function 'createRobot':
../Core/Src/robot.c:16:3: warning: implicit declaration of function 'initMotorPin'; did you mean 'initMotor'? [-Wimplicit-function-declaration]
   16 |   initMotorPin(&s_pin_1_motor_right, GPIOB, 9);
      |   ^~~~~~~~~~~~
      |   initMotor
../Core/Src/robot.c:18:29: warning: passing argument 2 of 'initMotor' from incompatible pointer type [-Wincompatible-pointer-types]
   18 |   initMotor(&s_motor_right, &s_pin_1_motor_right, &s_pin_2_motor_right);
      |                             ^~~~~~~~~~~~~~~~~~~~
      |                             |
      |                             struct MotorPin *
In file included from ../Core/Src/robot.c:1:
../Core/Inc/robot.h:33:53: note: expected 'struct GPIOPin *' but argument is of type 'struct MotorPin *'
   33 | void initMotor(struct Motor *motor, struct GPIOPin *pin_1, struct GPIOPin *pin_2);
      |                                     ~~~~~~~~~~~~~~~~^~~~~
../Core/Src/robot.c:18:51: warning: passing argument 3 of 'initMotor' from incompatible pointer type [-Wincompatible-pointer-types]
   18 |   initMotor(&s_motor_right, &s_pin_1_motor_right, &s_pin_2_motor_right);
      |                                                   ^~~~~~~~~~~~~~~~~~~~
      |                                                   |
      |                                                   struct MotorPin *
In file included from ../Core/Src/robot.c:1:
../Core/Inc/robot.h:33:76: note: expected 'struct GPIOPin *' but argument is of type 'struct MotorPin *'
   33 | void initMotor(struct Motor *motor, struct GPIOPin *pin_1, struct GPIOPin *pin_2);
      |                                                            ~~~~~~~~~~~~~~~~^~~~~
../Core/Src/robot.c:23:28: warning: passing argument 2 of 'initMotor' from incompatible pointer type [-Wincompatible-pointer-types]
   23 |   initMotor(&s_motor_left, &s_pin_1_motor_left, &s_pin_2_motor_left);
      |                            ^~~~~~~~~~~~~~~~~~~
      |                            |
      |                            struct MotorPin *
In file included from ../Core/Src/robot.c:1:
../Core/Inc/robot.h:33:53: note: expected 'struct GPIOPin *' but argument is of type 'struct MotorPin *'
   33 | void initMotor(struct Motor *motor, struct GPIOPin *pin_1, struct GPIOPin *pin_2);
      |                                     ~~~~~~~~~~~~~~~~^~~~~
../Core/Src/robot.c:23:49: warning: passing argument 3 of 'initMotor' from incompatible pointer type [-Wincompatible-pointer-types]
   23 |   initMotor(&s_motor_left, &s_pin_1_motor_left, &s_pin_2_motor_left);
      |                                                 ^~~~~~~~~~~~~~~~~~~
      |                                                 |
      |                                                 struct MotorPin *
In file included from ../Core/Src/robot.c:1:
../Core/Inc/robot.h:33:76: note: expected 'struct GPIOPin *' but argument is of type 'struct MotorPin *'
   33 | void initMotor(struct Motor *motor, struct GPIOPin *pin_1, struct GPIOPin *pin_2);
      |                                                            ~~~~~~~~~~~~~~~~^~~~~
../Core/Src/robot.c: At top level:
../Core/Src/robot.c:32:6: warning: conflicting types for 'initMotorPin'
   32 | void initMotorPin(struct MotorPin *motor_pin, GPIO_TypeDef *gpio, char pin) {
      |      ^~~~~~~~~~~~
../Core/Src/robot.c:16:3: note: previous implicit declaration of 'initMotorPin' was here
   16 |   initMotorPin(&s_pin_1_motor_right, GPIOB, 9);
      |   ^~~~~~~~~~~~
../Core/Src/robot.c: In function 'initMotorPin':
../Core/Src/robot.c:33:12: error: invalid use of undefined type 'struct MotorPin'
   33 |   motor_pin->gpio = gpio;
      |            ^~
../Core/Src/robot.c:34:12: error: invalid use of undefined type 'struct MotorPin'
   34 |   motor_pin->pin = pin;
      |            ^~
../Core/Src/robot.c: At top level:
../Core/Src/robot.c:48:6: error: conflicting types for 'initMotor'
   48 | void initMotor(struct Motor *motor, struct MotorPin *pin_1, struct MotorPin *pin_2) {
      |      ^~~~~~~~~
In file included from ../Core/Src/robot.c:1:
../Core/Inc/robot.h:33:6: note: previous declaration of 'initMotor' was here
   33 | void initMotor(struct Motor *motor, struct GPIOPin *pin_1, struct GPIOPin *pin_2);
      |      ^~~~~~~~~
../Core/Src/robot.c: In function 'initMotor':
../Core/Src/robot.c:49:18: error: invalid use of undefined type 'struct MotorPin'
   49 |   motor->pin_1 = *pin_1;
      |                  ^
../Core/Src/robot.c:50:18: error: invalid use of undefined type 'struct MotorPin'
   50 |   motor->pin_2 = *pin_2;
      |                  ^
../Core/Src/robot.c: In function 'updateMotor':
../Core/Src/robot.c:128:23: error: storage size of 'status_motor_pin_1' isn't known
  128 |   enum StatusMotorPin status_motor_pin_1, status_motor_pin_2;
      |                       ^~~~~~~~~~~~~~~~~~
../Core/Src/robot.c:128:43: error: storage size of 'status_motor_pin_2' isn't known
  128 |   enum StatusMotorPin status_motor_pin_1, status_motor_pin_2;
      |                                           ^~~~~~~~~~~~~~~~~~
../Core/Src/robot.c:148:3: warning: implicit declaration of function 'updateStatusMotorPin'; did you mean 'updateStatusMotor'? [-Wimplicit-function-declaration]
  148 |   updateStatusMotorPin(&(motor->pin_1), status_motor_pin_1);
      |   ^~~~~~~~~~~~~~~~~~~~
      |   updateStatusMotor
../Core/Src/robot.c:128:43: warning: unused variable 'status_motor_pin_2' [-Wunused-variable]
  128 |   enum StatusMotorPin status_motor_pin_1, status_motor_pin_2;
[...]
Finished building: default.size.stdout
 
Finished building: discovery-lab2.list
 
19:33:55 **** Incremental Build of configuration Debug for project discovery-lab2 ****
make -j8 all 
arm-none-eabi-gcc "../Core/Src/main.c" -mcpu=cortex-m3 -std=gnu11 -g3 -DDEBUG -DUSE_HAL_DRIVER -DSTM32L152xC -c -I../Core/Inc -I../Drivers/STM32L1xx_HAL_Driver/Inc -I../Drivers/STM32L1xx_HAL_Driver/Inc/Legacy -I../Drivers/CMSIS/Device/ST/STM32L1xx/Include -I../Drivers/CMSIS/Include -O0 -ffunction-sections -fdata-sections -Wall -fstack-usage -MMD -MP -MF"Core/Src/main.d" -MT"Core/Src/main.o" --specs=nano.specs -mfloat-abi=soft -mthumb -o "Core/Src/main.o"
arm-none-eabi-gcc -o "discovery-lab2.elf" @"objects.list"   -mcpu=cortex-m3 -T"/home/me/MEGA/Uni/3YEAR/Q2/05 Microprocessor/Labs/stm32-kart/discovery-lab2/STM32L152RCTX_FLASH.ld" --specs=nosys.specs -Wl,-Map="discovery-lab2.map" -Wl,--gc-sections -static --specs=nano.specs -mfloat-abi=soft -mthumb -Wl,--start-group -lc -lm -Wl,--end-group
Finished building target: discovery-lab2.elf
 
arm-none-eabi-size   discovery-lab2.elf 
arm-none-eabi-objdump -h -S  discovery-lab2.elf  > "discovery-lab2.list"
   text	   data	    bss	    dec	    hex	filename
  13132	     20	   1860	  15012	   3aa4	discovery-lab2.elf
Finished building: default.size.stdout
 
Finished building: discovery-lab2.list
 
19:34:50 **** Incremental Build of configuration Debug for project discovery-lab2 ****
make -j8 all 
arm-none-eabi-gcc "../Core/Src/main.c" -mcpu=cortex-m3 -std=gnu11 -g3 -DDEBUG -DUSE_HAL_DRIVER -DSTM32L152xC -c -I../Core/Inc -I../Drivers/STM32L1xx_HAL_Driver/Inc -I../Drivers/STM32L1xx_HAL_Driver/Inc/Legacy -I../Drivers/CMSIS/Device/ST/STM32L1xx/Include -I../Drivers/CMSIS/Include -O0 -ffunction-sections -fdata-sections -Wall -fstack-usage -MMD -MP -MF"Core/Src/main.d" -MT"Core/Src/main.o" --specs=nano.specs -mfloat-abi=soft -mthumb -o "Core/Src/main.o"
../Core/Src/main.c: In function 'main':
../Core/Src/main.c:282:36: warning: bitwise comparison always evaluates to false [-Wtautological-compare]
  282 |         if ((TIM4->CR1 & (1 << 1)) == 1) {
      |                                    ^~
arm-none-eabi-gcc -o "discovery-lab2.elf" @"objects.list"   -mcpu=cortex-m3 -T"/home/me/MEGA/Uni/3YEAR/Q2/05 Microprocessor/Labs/stm32-kart/discovery-lab2/STM32L152RCTX_FLASH.ld" --specs=nosys.specs -Wl,-Map="discovery-lab2.map" -Wl,--gc-sections -static --specs=nano.specs -mfloat-abi=soft -mthumb -Wl,--start-group -lc -lm -Wl,--end-group
Finished building target: discovery-lab2.elf
 
arm-none-eabi-size   discovery-lab2.elf 
arm-none-eabi-objdump -h -S  discovery-lab2.elf  > "discovery-lab2.list"
   text	   data	    bss	    dec	    hex	filename
  13156	     20	   1860	  15036	   3abc	discovery-lab2.elf
Finished building: default.size.stdout
 
Finished building: discovery-lab2.list
 
19:35:50 **** Incremental Build of configuration Debug for project discovery-lab2 ****
make -j8 all 
arm-none-eabi-gcc "../Core/Src/main.c" -mcpu=cortex-m3 -std=gnu11 -g3 -DDEBUG -DUSE_HAL_DRIVER -DSTM32L152xC -c -I../Core/Inc -I../Drivers/STM32L1xx_HAL_Driver/Inc -I../Drivers/STM32L1xx_HAL_Driver/Inc/Legacy -I../Drivers/CMSIS/Device/ST/STM32L1xx/Include -I../Drivers/CMSIS/Include -O0 -ffunction-sections -fdata-sections -Wall -fstack-usage -MMD -MP -MF"Core/Src/main.d" -MT"Core/Src/main.o" --specs=nano.specs -mfloat-abi=soft -mthumb -o "Core/Src/main.o"
arm-none-eabi-gcc -o "discovery-lab2.elf" @"objects.list"   -mcpu=cortex-m3 -T"/home/me/MEGA/Uni/3YEAR/Q2/05 Microprocessor/Labs/stm32-kart/discovery-lab2/STM32L152RCTX_FLASH.ld" --specs=nosys.specs -Wl,-Map="discovery-lab2.map" -Wl,--gc-sections -static --specs=nano.specs -mfloat-abi=soft -mthumb -Wl,--start-group -lc -lm -Wl,--end-group
Finished building target: discovery-lab2.elf
 
arm-none-eabi-size   discovery-lab2.elf 
arm-none-eabi-objdump -h -S  discovery-lab2.elf  > "discovery-lab2.list"
   text	   data	    bss	    dec	    hex	filename
  13156	     20	   1860	  15036	   3abc	discovery-lab2.elf
Finished building: default.size.stdout
 
Finished building: discovery-lab2.list
 
19:39:59 **** Incremental Build of configuration Debug for project discovery-lab2 ****
make -j8 all 
arm-none-eabi-gcc "../Core/Src/main.c" -mcpu=cortex-m3 -std=gnu11 -g3 -DDEBUG -DUSE_HAL_DRIVER -DSTM32L152xC -c -I../Core/Inc -I../Drivers/STM32L1xx_HAL_Driver/Inc -I../Drivers/STM32L1xx_HAL_Driver/Inc/Legacy -I../Drivers/CMSIS/Device/ST/STM32L1xx/Include -I../Drivers/CMSIS/Include -O0 -ffunction-sections -fdata-sections -Wall -fstack-usage -MMD -MP -MF"Core/Src/main.d" -MT"Core/Src/main.o" --specs=nano.specs -mfloat-abi=soft -mthumb -o "Core/Src/main.o"
arm-none-eabi-gcc -o "discovery-lab2.elf" @"objects.list"   -mcpu=cortex-m3 -T"/home/me/MEGA/Uni/3YEAR/Q2/05 Microprocessor/Labs/stm32-kart/discovery-lab2/STM32L152RCTX_FLASH.ld" --specs=nosys.specs -Wl,-Map="discovery-lab2.map" -Wl,--gc-sections -static --specs=nano.specs -mfloat-abi=soft -mthumb -Wl,--start-group -lc -lm -Wl,--end-group
Finished building target: discovery-lab2.elf
 
arm-none-eabi-size   discovery-lab2.elf 
arm-none-eabi-objdump -h -S  discovery-lab2.elf  > "discovery-lab2.list"
   text	   data	    bss	    dec	    hex	filename
  13156	     20	   1860	  15036	   3abc	discovery-lab2.elf
Finished building: default.size.stdout
 
Finished building: discovery-lab2.list
 
19:40:53 **** Incremental Build of configuration Debug for project discovery-lab2 ****
make -j8 all 
arm-none-eabi-gcc "../Core/Src/main.c" -mcpu=cortex-m3 -std=gnu11 -g3 -DDEBUG -DUSE_HAL_DRIVER -DSTM32L152xC -c -I../Core/Inc -I../Drivers/STM32L1xx_HAL_Driver/Inc -I../Drivers/STM32L1xx_HAL_Driver/Inc/Legacy -I../Drivers/CMSIS/Device/ST/STM32L1xx/Include -I../Drivers/CMSIS/Include -O0 -ffunction-sections -fdata-sections -Wall -fstack-usage -MMD -MP -MF"Core/Src/main.d" -MT"Core/Src/main.o" --specs=nano.specs -mfloat-abi=soft -mthumb -o "Core/Src/main.o"
arm-none-eabi-gcc -o "discovery-lab2.elf" @"objects.list"   -mcpu=cortex-m3 -T"/home/me/MEGA/Uni/3YEAR/Q2/05 Microprocessor/Labs/stm32-kart/discovery-lab2/STM32L152RCTX_FLASH.ld" --specs=nosys.specs -Wl,-Map="discovery-lab2.map" -Wl,--gc-sections -static --specs=nano.specs -mfloat-abi=soft -mthumb -Wl,--start-group -lc -lm -Wl,--end-group
Finished building target: discovery-lab2.elf
 
arm-none-eabi-size   discovery-lab2.elf 
arm-none-eabi-objdump -h -S  discovery-lab2.elf  > "discovery-lab2.list"
   text	   data	    bss	    dec	    hex	filename
  13156	     20	   1860	  15036	   3abc	discovery-lab2.elf
Finished building: default.size.stdout
 
Finished building: discovery-lab2.list
 
19:42:24 **** Incremental Build of configuration Debug for project discovery-lab2 ****
make -j8 all 
arm-none-eabi-gcc "../Core/Src/main.c" -mcpu=cortex-m3 -std=gnu11 -g3 -DDEBUG -DUSE_HAL_DRIVER -DSTM32L152xC -c -I../Core/Inc -I../Drivers/STM32L1xx_HAL_Driver/Inc -I../Drivers/STM32L1xx_HAL_Driver/Inc/Legacy -I../Drivers/CMSIS/Device/ST/STM32L1xx/Include -I../Drivers/CMSIS/Include -O0 -ffunction-sections -fdata-sections -Wall -fstack-usage -MMD -MP -MF"Core/Src/main.d" -MT"Core/Src/main.o" --specs=nano.specs -mfloat-abi=soft -mthumb -o "Core/Src/main.o"
arm-none-eabi-gcc -o "discovery-lab2.elf" @"objects.list"   -mcpu=cortex-m3 -T"/home/me/MEGA/Uni/3YEAR/Q2/05 Microprocessor/Labs/stm32-kart/discovery-lab2/STM32L152RCTX_FLASH.ld" --specs=nosys.specs -Wl,-Map="discovery-lab2.map" -Wl,--gc-sections -static --specs=nano.specs -mfloat-abi=soft -mthumb -Wl,--start-group -lc -lm -Wl,--end-group
Finished building target: discovery-lab2.elf
 
arm-none-eabi-size   discovery-lab2.elf 
arm-none-eabi-objdump -h -S  discovery-lab2.elf  > "discovery-lab2.list"
   text	   data	    bss	    dec	    hex	filename
  13188	     20	   1860	  15068	   3adc	discovery-lab2.elf
Finished building: default.size.stdout
 
Finished building: discovery-lab2.list
 
19:46:56 **** Incremental Build of configuration Debug for project discovery-lab2 ****
make -j8 all 
arm-none-eabi-gcc "../Core/Src/main.c" -mcpu=cortex-m3 -std=gnu11 -g3 -DDEBUG -DUSE_HAL_DRIVER -DSTM32L152xC -c -I../Core/Inc -I../Drivers/STM32L1xx_HAL_Driver/Inc -I../Drivers/STM32L1xx_HAL_Driver/Inc/Legacy -I../Drivers/CMSIS/Device/ST/STM32L1xx/Include -I../Drivers/CMSIS/Include -O0 -ffunction-sections -fdata-sections -Wall -fstack-usage -MMD -MP -MF"Core/Src/main.d" -MT"Core/Src/main.o" --specs=nano.specs -mfloat-abi=soft -mthumb -o "Core/Src/main.o"
arm-none-eabi-gcc -o "discovery-lab2.elf" @"objects.list"   -mcpu=cortex-m3 -T"/home/me/MEGA/Uni/3YEAR/Q2/05 Microprocessor/Labs/stm32-kart/discovery-lab2/STM32L152RCTX_FLASH.ld" --specs=nosys.specs -Wl,-Map="discovery-lab2.map" -Wl,--gc-sections -static --specs=nano.specs -mfloat-abi=soft -mthumb -Wl,--start-group -lc -lm -Wl,--end-group
Finished building target: discovery-lab2.elf
 
arm-none-eabi-size   discovery-lab2.elf 
arm-none-eabi-objdump -h -S  discovery-lab2.elf  > "discovery-lab2.list"
   text	   data	    bss	    dec	    hex	filename
  13168	     20	   1860	  15048	   3ac8	discovery-lab2.elf
Finished building: default.size.stdout
 
Finished building: discovery-lab2.list
 
19:47:50 **** Incremental Build of configuration Debug for project discovery-lab2 ****
make -j8 all 
arm-none-eabi-gcc "../Core/Src/main.c" -mcpu=cortex-m3 -std=gnu11 -g3 -DDEBUG -DUSE_HAL_DRIVER -DSTM32L152xC -c -I../Core/Inc -I../Drivers/STM32L1xx_HAL_Driver/Inc -I../Drivers/STM32L1xx_HAL_Driver/Inc/Legacy -I../Drivers/CMSIS/Device/ST/STM32L1xx/Include -I../Drivers/CMSIS/Include -O0 -ffunction-sections -fdata-sections -Wall -fstack-usage -MMD -MP -MF"Core/Src/main.d" -MT"Core/Src/main.o" --specs=nano.specs -mfloat-abi=soft -mthumb -o "Core/Src/main.o"
arm-none-eabi-gcc -o "discovery-lab2.elf" @"objects.list"   -mcpu=cortex-m3 -T"/home/me/MEGA/Uni/3YEAR/Q2/05 Microprocessor/Labs/stm32-kart/discovery-lab2/STM32L152RCTX_FLASH.ld" --specs=nosys.specs -Wl,-Map="discovery-lab2.map" -Wl,--gc-sections -static --specs=nano.specs -mfloat-abi=soft -mthumb -Wl,--start-group -lc -lm -Wl,--end-group
Finished building target: discovery-lab2.elf
 
arm-none-eabi-size   discovery-lab2.elf 
arm-none-eabi-objdump -h -S  discovery-lab2.elf  > "discovery-lab2.list"
   text	   data	    bss	    dec	    hex	filename
  13168	     20	   1860	  15048	   3ac8	discovery-lab2.elf
Finished building: default.size.stdout
 
Finished building: discovery-lab2.list
 
19:48:42 **** Incremental Build of configuration Debug for project discovery-lab2 ****
make -j8 all 
arm-none-eabi-gcc "../Core/Src/main.c" -mcpu=cortex-m3 -std=gnu11 -g3 -DDEBUG -DUSE_HAL_DRIVER -DSTM32L152xC -c -I../Core/Inc -I../Drivers/STM32L1xx_HAL_Driver/Inc -I../Drivers/STM32L1xx_HAL_Driver/Inc/Legacy -I../Drivers/CMSIS/Device/ST/STM32L1xx/Include -I../Drivers/CMSIS/Include -O0 -ffunction-sections -fdata-sections -Wall -fstack-usage -MMD -MP -MF"Core/Src/main.d" -MT"Core/Src/main.o" --specs=nano.specs -mfloat-abi=soft -mthumb -o "Core/Src/main.o"
arm-none-eabi-gcc -o "discovery-lab2.elf" @"objects.list"   -mcpu=cortex-m3 -T"/home/me/MEGA/Uni/3YEAR/Q2/05 Microprocessor/Labs/stm32-kart/discovery-lab2/STM32L152RCTX_FLASH.ld" --specs=nosys.specs -Wl,-Map="discovery-lab2.map" -Wl,--gc-sections -static --specs=nano.specs -mfloat-abi=soft -mthumb -Wl,--start-group -lc -lm -Wl,--end-group
Finished building target: discovery-lab2.elf
 
arm-none-eabi-size   discovery-lab2.elf 
arm-none-eabi-objdump -h -S  discovery-lab2.elf  > "discovery-lab2.list"
   text	   data	    bss	    dec	    hex	filename
  13176	     20	   1860	  15056	   3ad0	discovery-lab2.elf
Finished building: default.size.stdout
 
Finished building: discovery-lab2.list
 
20:04:23 **** Incremental Build of configuration Debug for project discovery-lab2 ****
make -j8 all 
arm-none-eabi-gcc "../Core/Src/main.c" -mcpu=cortex-m3 -std=gnu11 -g3 -DDEBUG -DUSE_HAL_DRIVER -DSTM32L152xC -c -I../Core/Inc -I../Drivers/STM32L1xx_HAL_Driver/Inc -I../Drivers/STM32L1xx_HAL_Driver/Inc/Legacy -I../Drivers/CMSIS/Device/ST/STM32L1xx/Include -I../Drivers/CMSIS/Include -O0 -ffunction-sections -fdata-sections -Wall -fstack-usage -MMD -MP -MF"Core/Src/main.d" -MT"Core/Src/main.o" --specs=nano.specs -mfloat-abi=soft -mthumb -o "Core/Src/main.o"
arm-none-eabi-gcc -o "discovery-lab2.elf" @"objects.list"   -mcpu=cortex-m3 -T"/home/me/MEGA/Uni/3YEAR/Q2/05 Microprocessor/Labs/stm32-kart/discovery-lab2/STM32L152RCTX_FLASH.ld" --specs=nosys.specs -Wl,-Map="discovery-lab2.map" -Wl,--gc-sections -static --specs=nano.specs -mfloat-abi=soft -mthumb -Wl,--start-group -lc -lm -Wl,--end-group
Finished building target: discovery-lab2.elf
 
arm-none-eabi-size   discovery-lab2.elf 
arm-none-eabi-objdump -h -S  discovery-lab2.elf  > "discovery-lab2.list"
   text	   data	    bss	    dec	    hex	filename
  13168	     20	   1860	  15048	   3ac8	discovery-lab2.elf
Finished building: default.size.stdout
 
Finished building: discovery-lab2.list
 
20:32:22 **** Incremental Build of configuration Debug for project discovery-lab2 ****
make -j8 all 
arm-none-eabi-size   discovery-lab2.elf 
   text	   data	    bss	    dec	    hex	filename
  13168	     20	   1860	  15048	   3ac8	discovery-lab2.elf
Finished building: default.size.stdout
 
15:32:24 **** Incremental Build of configuration Debug for project discovery-lab2 ****
make -j8 all 
arm-none-eabi-size   discovery-lab2.elf 
   text	   data	    bss	    dec	    hex	filename
  13168	     20	   1860	  15048	   3ac8	discovery-lab2.elf
Finished building: default.size.stdout
 
15:35:42 **** Incremental Build of configuration Debug for project discovery-lab2 ****
make -j8 all 
arm-none-eabi-gcc "../Core/Src/main.c" -mcpu=cortex-m3 -std=gnu11 -g3 -DDEBUG -DUSE_HAL_DRIVER -DSTM32L152xC -c -I../Core/Inc -I../Drivers/STM32L1xx_HAL_Driver/Inc -I../Drivers/STM32L1xx_HAL_Driver/Inc/Legacy -I../Drivers/CMSIS/Device/ST/STM32L1xx/Include -I../Drivers/CMSIS/Include -O0 -ffunction-sections -fdata-sections -Wall -fstack-usage -MMD -MP -MF"Core/Src/main.d" -MT"Core/Src/main.o" --specs=nano.specs -mfloat-abi=soft -mthumb -o "Core/Src/main.o"
arm-none-eabi-gcc -o "discovery-lab2.elf" @"objects.list"   -mcpu=cortex-m3 -T"/home/me/MEGA/Uni/3YEAR/Q2/05 Microprocessor/Labs/stm32-kart/discovery-lab2/STM32L152RCTX_FLASH.ld" --specs=nosys.specs -Wl,-Map="discovery-lab2.map" -Wl,--gc-sections -static --specs=nano.specs -mfloat-abi=soft -mthumb -Wl,--start-group -lc -lm -Wl,--end-group
Finished building target: discovery-lab2.elf
 
arm-none-eabi-size   discovery-lab2.elf 
arm-none-eabi-objdump -h -S  discovery-lab2.elf  > "discovery-lab2.list"
   text	   data	    bss	    dec	    hex	filename
  13160	     20	   1860	  15040	   3ac0	discovery-lab2.elf
Finished building: default.size.stdout
 
Finished building: discovery-lab2.list
 
15:36:28 **** Incremental Build of configuration Debug for project discovery-lab2 ****
make -j8 all 
arm-none-eabi-gcc "../Core/Src/main.c" -mcpu=cortex-m3 -std=gnu11 -g3 -DDEBUG -DUSE_HAL_DRIVER -DSTM32L152xC -c -I../Core/Inc -I../Drivers/STM32L1xx_HAL_Driver/Inc -I../Drivers/STM32L1xx_HAL_Driver/Inc/Legacy -I../Drivers/CMSIS/Device/ST/STM32L1xx/Include -I../Drivers/CMSIS/Include -O0 -ffunction-sections -fdata-sections -Wall -fstack-usage -MMD -MP -MF"Core/Src/main.d" -MT"Core/Src/main.o" --specs=nano.specs -mfloat-abi=soft -mthumb -o "Core/Src/main.o"
arm-none-eabi-gcc -o "discovery-lab2.elf" @"objects.list"   -mcpu=cortex-m3 -T"/home/me/MEGA/Uni/3YEAR/Q2/05 Microprocessor/Labs/stm32-kart/discovery-lab2/STM32L152RCTX_FLASH.ld" --specs=nosys.specs -Wl,-Map="discovery-lab2.map" -Wl,--gc-sections -static --specs=nano.specs -mfloat-abi=soft -mthumb -Wl,--start-group -lc -lm -Wl,--end-group
Finished building target: discovery-lab2.elf
 
arm-none-eabi-size   discovery-lab2.elf 
arm-none-eabi-objdump -h -S  discovery-lab2.elf  > "discovery-lab2.list"
   text	   data	    bss	    dec	    hex	filename
  13160	     20	   1860	  15040	   3ac0	discovery-lab2.elf
Finished building: default.size.stdout
 
Finished building: discovery-lab2.list
 
15:36:59 **** Incremental Build of configuration Debug for project discovery-lab2 ****
make -j8 all 
arm-none-eabi-gcc "../Core/Src/main.c" -mcpu=cortex-m3 -std=gnu11 -g3 -DDEBUG -DUSE_HAL_DRIVER -DSTM32L152xC -c -I../Core/Inc -I../Drivers/STM32L1xx_HAL_Driver/Inc -I../Drivers/STM32L1xx_HAL_Driver/Inc/Legacy -I../Drivers/CMSIS/Device/ST/STM32L1xx/Include -I../Drivers/CMSIS/Include -O0 -ffunction-sections -fdata-sections -Wall -fstack-usage -MMD -MP -MF"Core/Src/main.d" -MT"Core/Src/main.o" --specs=nano.specs -mfloat-abi=soft -mthumb -o "Core/Src/main.o"
arm-none-eabi-gcc -o "discovery-lab2.elf" @"objects.list"   -mcpu=cortex-m3 -T"/home/me/MEGA/Uni/3YEAR/Q2/05 Microprocessor/Labs/stm32-kart/discovery-lab2/STM32L152RCTX_FLASH.ld" --specs=nosys.specs -Wl,-Map="discovery-lab2.map" -Wl,--gc-sections -static --specs=nano.specs -mfloat-abi=soft -mthumb -Wl,--start-group -lc -lm -Wl,--end-group
Finished building target: discovery-lab2.elf
 
arm-none-eabi-size   discovery-lab2.elf 
arm-none-eabi-objdump -h -S  discovery-lab2.elf  > "discovery-lab2.list"
   text	   data	    bss	    dec	    hex	filename
  13160	     20	   1860	  15040	   3ac0	discovery-lab2.elf
Finished building: default.size.stdout
 
Finished building: discovery-lab2.list
 
15:38:54 **** Incremental Build of configuration Debug for project discovery-lab2 ****
make -j8 all 
arm-none-eabi-gcc "../Core/Src/main.c" -mcpu=cortex-m3 -std=gnu11 -g3 -DDEBUG -DUSE_HAL_DRIVER -DSTM32L152xC -c -I../Core/Inc -I../Drivers/STM32L1xx_HAL_Driver/Inc -I../Drivers/STM32L1xx_HAL_Driver/Inc/Legacy -I../Drivers/CMSIS/Device/ST/STM32L1xx/Include -I../Drivers/CMSIS/Include -O0 -ffunction-sections -fdata-sections -Wall -fstack-usage -MMD -MP -MF"Core/Src/main.d" -MT"Core/Src/main.o" --specs=nano.specs -mfloat-abi=soft -mthumb -o "Core/Src/main.o"
arm-none-eabi-gcc -o "discovery-lab2.elf" @"objects.list"   -mcpu=cortex-m3 -T"/home/me/MEGA/Uni/3YEAR/Q2/05 Microprocessor/Labs/stm32-kart/discovery-lab2/STM32L152RCTX_FLASH.ld" --specs=nosys.specs -Wl,-Map="discovery-lab2.map" -Wl,--gc-sections -static --specs=nano.specs -mfloat-abi=soft -mthumb -Wl,--start-group -lc -lm -Wl,--end-group
Finished building target: discovery-lab2.elf
 
arm-none-eabi-size   discovery-lab2.elf 
arm-none-eabi-objdump -h -S  discovery-lab2.elf  > "discovery-lab2.list"
   text	   data	    bss	    dec	    hex	filename
  13160	     20	   1860	  15040	   3ac0	discovery-lab2.elf
Finished building: default.size.stdout
 
Finished building: discovery-lab2.list
 
15:39:56 **** Incremental Build of configuration Debug for project discovery-lab2 ****
make -j8 all 
arm-none-eabi-gcc "../Core/Src/main.c" -mcpu=cortex-m3 -std=gnu11 -g3 -DDEBUG -DUSE_HAL_DRIVER -DSTM32L152xC -c -I../Core/Inc -I../Drivers/STM32L1xx_HAL_Driver/Inc -I../Drivers/STM32L1xx_HAL_Driver/Inc/Legacy -I../Drivers/CMSIS/Device/ST/STM32L1xx/Include -I../Drivers/CMSIS/Include -O0 -ffunction-sections -fdata-sections -Wall -fstack-usage -MMD -MP -MF"Core/Src/main.d" -MT"Core/Src/main.o" --specs=nano.specs -mfloat-abi=soft -mthumb -o "Core/Src/main.o"
arm-none-eabi-gcc -o "discovery-lab2.elf" @"objects.list"   -mcpu=cortex-m3 -T"/home/me/MEGA/Uni/3YEAR/Q2/05 Microprocessor/Labs/stm32-kart/discovery-lab2/STM32L152RCTX_FLASH.ld" --specs=nosys.specs -Wl,-Map="discovery-lab2.map" -Wl,--gc-sections -static --specs=nano.specs -mfloat-abi=soft -mthumb -Wl,--start-group -lc -lm -Wl,--end-group
Finished building target: discovery-lab2.elf
 
arm-none-eabi-size   discovery-lab2.elf 
arm-none-eabi-objdump -h -S  discovery-lab2.elf  > "discovery-lab2.list"
   text	   data	    bss	    dec	    hex	filename
  13160	     20	   1860	  15040	   3ac0	discovery-lab2.elf
Finished building: default.size.stdout
 
Finished building: discovery-lab2.list
 
15:51:27 **** Incremental Build of configuration Debug for project discovery-lab2 ****
make -j8 all 
arm-none-eabi-size   discovery-lab2.elf 
   text	   data	    bss	    dec	    hex	filename
  13160	     20	   1860	  15040	   3ac0	discovery-lab2.elf
Finished building: default.size.stdout
 
